<?xml version="1.0" encoding="ISO-8859-1" ?>
<link_info>
   <banner>TI ARM Linker PC v20.2.7.LTS</banner>
   <copyright>Copyright (c) 1996-2018 Texas Instruments Incorporated</copyright>
   <link_time>0x677dff9b</link_time>
   <link_errors>0x0</link_errors>
   <output_file>SEAT_HEATER_CONTROL_SYSTEM.out</output_file>
   <entry_point>
      <name>_c_int00_noargs</name>
      <address>0x6305</address>
   </entry_point>
   <input_file_list>
      <input_file id="fl-2">
         <path>.\</path>
         <kind>object</kind>
         <file>main.obj</file>
         <name>main.obj</name>
      </input_file>
      <input_file id="fl-3">
         <path>.\</path>
         <kind>object</kind>
         <file>tm4c123gh6pm_startup_ccs.obj</file>
         <name>tm4c123gh6pm_startup_ccs.obj</name>
      </input_file>
      <input_file id="fl-4">
         <path>.\APP\System_Control\</path>
         <kind>object</kind>
         <file>System_Control.obj</file>
         <name>System_Control.obj</name>
      </input_file>
      <input_file id="fl-5">
         <path>.\APP\System_Diagnostics\</path>
         <kind>object</kind>
         <file>System_Diagnostics.obj</file>
         <name>System_Diagnostics.obj</name>
      </input_file>
      <input_file id="fl-6">
         <path>.\APP\System_Display\</path>
         <kind>object</kind>
         <file>System_Display.obj</file>
         <name>System_Display.obj</name>
      </input_file>
      <input_file id="fl-7">
         <path>.\APP\System_Measurements\</path>
         <kind>object</kind>
         <file>System_Measurements.obj</file>
         <name>System_Measurements.obj</name>
      </input_file>
      <input_file id="fl-8">
         <path>.\APP\System_Setup\</path>
         <kind>object</kind>
         <file>System_Setup.obj</file>
         <name>System_Setup.obj</name>
      </input_file>
      <input_file id="fl-9">
         <path>.\Common\</path>
         <kind>object</kind>
         <file>Det.obj</file>
         <name>Det.obj</name>
      </input_file>
      <input_file id="fl-a">
         <path>.\FreeRTOS\Source\</path>
         <kind>object</kind>
         <file>event_groups.obj</file>
         <name>event_groups.obj</name>
      </input_file>
      <input_file id="fl-b">
         <path>.\FreeRTOS\Source\</path>
         <kind>object</kind>
         <file>list.obj</file>
         <name>list.obj</name>
      </input_file>
      <input_file id="fl-c">
         <path>.\FreeRTOS\Source\</path>
         <kind>object</kind>
         <file>queue.obj</file>
         <name>queue.obj</name>
      </input_file>
      <input_file id="fl-d">
         <path>.\FreeRTOS\Source\</path>
         <kind>object</kind>
         <file>tasks.obj</file>
         <name>tasks.obj</name>
      </input_file>
      <input_file id="fl-e">
         <path>.\FreeRTOS\Source\</path>
         <kind>object</kind>
         <file>timers.obj</file>
         <name>timers.obj</name>
      </input_file>
      <input_file id="fl-f">
         <path>.\FreeRTOS\Source\portable\CCS\ARM_CM4F\</path>
         <kind>object</kind>
         <file>port.obj</file>
         <name>port.obj</name>
      </input_file>
      <input_file id="fl-10">
         <path>.\FreeRTOS\Source\portable\CCS\ARM_CM4F\</path>
         <kind>object</kind>
         <file>portasm.obj</file>
         <name>portasm.obj</name>
      </input_file>
      <input_file id="fl-11">
         <path>.\FreeRTOS\Source\portable\MemMang\</path>
         <kind>object</kind>
         <file>heap_1.obj</file>
         <name>heap_1.obj</name>
      </input_file>
      <input_file id="fl-12">
         <path>.\HAL\Buttons\</path>
         <kind>object</kind>
         <file>Button.obj</file>
         <name>Button.obj</name>
      </input_file>
      <input_file id="fl-13">
         <path>.\HAL\LEDs\</path>
         <kind>object</kind>
         <file>Led.obj</file>
         <name>Led.obj</name>
      </input_file>
      <input_file id="fl-14">
         <path>.\HAL\Potentiometers\</path>
         <kind>object</kind>
         <file>POT.obj</file>
         <name>POT.obj</name>
      </input_file>
      <input_file id="fl-15">
         <path>.\MCAL\ADC\</path>
         <kind>object</kind>
         <file>ADC.obj</file>
         <name>ADC.obj</name>
      </input_file>
      <input_file id="fl-16">
         <path>.\MCAL\DIO\</path>
         <kind>object</kind>
         <file>Dio.obj</file>
         <name>Dio.obj</name>
      </input_file>
      <input_file id="fl-17">
         <path>.\MCAL\DIO\</path>
         <kind>object</kind>
         <file>Dio_PBcfg.obj</file>
         <name>Dio_PBcfg.obj</name>
      </input_file>
      <input_file id="fl-18">
         <path>.\MCAL\GPTM\</path>
         <kind>object</kind>
         <file>GPTM.obj</file>
         <name>GPTM.obj</name>
      </input_file>
      <input_file id="fl-19">
         <path>.\MCAL\PORT\</path>
         <kind>object</kind>
         <file>Port.obj</file>
         <name>Port.obj</name>
      </input_file>
      <input_file id="fl-1a">
         <path>.\MCAL\PORT\</path>
         <kind>object</kind>
         <file>Port_PBcfg.obj</file>
         <name>Port_PBcfg.obj</name>
      </input_file>
      <input_file id="fl-1b">
         <path>.\MCAL\UART\</path>
         <kind>object</kind>
         <file>uart0.obj</file>
         <name>uart0.obj</name>
      </input_file>
      <input_file id="fl-1f">
         <kind>object</kind>
         <file>&lt;internal&gt;</file>
         <name>&lt;internal&gt;</name>
      </input_file>
      <input_file id="fl-d5">
         <path>C:\ti\ccs1271\ccs\tools\compiler\ti-cgt-arm_20.2.7.LTS\lib\</path>
         <kind>archive</kind>
         <file>rtsv7M4_T_le_v4SPD16_eabi.lib</file>
         <name>memcpy_t2.asm.obj</name>
      </input_file>
      <input_file id="fl-d6">
         <path>C:\ti\ccs1271\ccs\tools\compiler\ti-cgt-arm_20.2.7.LTS\lib\</path>
         <kind>archive</kind>
         <file>rtsv7M4_T_le_v4SPD16_eabi.lib</file>
         <name>memset_t2.asm.obj</name>
      </input_file>
      <input_file id="fl-d7">
         <path>C:\ti\ccs1271\ccs\tools\compiler\ti-cgt-arm_20.2.7.LTS\lib\</path>
         <kind>archive</kind>
         <file>rtsv7M4_T_le_v4SPD16_eabi.lib</file>
         <name>ll_div_t2.asm.obj</name>
      </input_file>
      <input_file id="fl-d8">
         <path>C:\ti\ccs1271\ccs\tools\compiler\ti-cgt-arm_20.2.7.LTS\lib\</path>
         <kind>archive</kind>
         <file>rtsv7M4_T_le_v4SPD16_eabi.lib</file>
         <name>ull_div_t2.asm.obj</name>
      </input_file>
      <input_file id="fl-d9">
         <path>C:\ti\ccs1271\ccs\tools\compiler\ti-cgt-arm_20.2.7.LTS\lib\</path>
         <kind>archive</kind>
         <file>rtsv7M4_T_le_v4SPD16_eabi.lib</file>
         <name>copy_zero_init.c.obj</name>
      </input_file>
      <input_file id="fl-da">
         <path>C:\ti\ccs1271\ccs\tools\compiler\ti-cgt-arm_20.2.7.LTS\lib\</path>
         <kind>archive</kind>
         <file>rtsv7M4_T_le_v4SPD16_eabi.lib</file>
         <name>copy_decompress_none.c.obj</name>
      </input_file>
      <input_file id="fl-db">
         <path>C:\ti\ccs1271\ccs\tools\compiler\ti-cgt-arm_20.2.7.LTS\lib\</path>
         <kind>archive</kind>
         <file>rtsv7M4_T_le_v4SPD16_eabi.lib</file>
         <name>copy_decompress_lzss.c.obj</name>
      </input_file>
      <input_file id="fl-dc">
         <path>C:\ti\ccs1271\ccs\tools\compiler\ti-cgt-arm_20.2.7.LTS\lib\</path>
         <kind>archive</kind>
         <file>rtsv7M4_T_le_v4SPD16_eabi.lib</file>
         <name>boot_cortex_m.c.obj</name>
      </input_file>
      <input_file id="fl-dd">
         <path>C:\ti\ccs1271\ccs\tools\compiler\ti-cgt-arm_20.2.7.LTS\lib\</path>
         <kind>archive</kind>
         <file>rtsv7M4_T_le_v4SPD16_eabi.lib</file>
         <name>div0.asm.obj</name>
      </input_file>
      <input_file id="fl-de">
         <path>C:\ti\ccs1271\ccs\tools\compiler\ti-cgt-arm_20.2.7.LTS\lib\</path>
         <kind>archive</kind>
         <file>rtsv7M4_T_le_v4SPD16_eabi.lib</file>
         <name>autoinit.c.obj</name>
      </input_file>
      <input_file id="fl-df">
         <path>C:\ti\ccs1271\ccs\tools\compiler\ti-cgt-arm_20.2.7.LTS\lib\</path>
         <kind>archive</kind>
         <file>rtsv7M4_T_le_v4SPD16_eabi.lib</file>
         <name>pre_init.c.obj</name>
      </input_file>
      <input_file id="fl-e0">
         <path>C:\ti\ccs1271\ccs\tools\compiler\ti-cgt-arm_20.2.7.LTS\lib\</path>
         <kind>archive</kind>
         <file>rtsv7M4_T_le_v4SPD16_eabi.lib</file>
         <name>cpy_tbl.c.obj</name>
      </input_file>
      <input_file id="fl-e1">
         <path>C:\ti\ccs1271\ccs\tools\compiler\ti-cgt-arm_20.2.7.LTS\lib\</path>
         <kind>archive</kind>
         <file>rtsv7M4_T_le_v4SPD16_eabi.lib</file>
         <name>exit.c.obj</name>
      </input_file>
      <input_file id="fl-e2">
         <path>C:\ti\ccs1271\ccs\tools\compiler\ti-cgt-arm_20.2.7.LTS\lib\</path>
         <kind>archive</kind>
         <file>rtsv7M4_T_le_v4SPD16_eabi.lib</file>
         <name>_lock.c.obj</name>
      </input_file>
      <input_file id="fl-e3">
         <path>C:\ti\ccs1271\ccs\tools\compiler\ti-cgt-arm_20.2.7.LTS\lib\</path>
         <kind>archive</kind>
         <file>rtsv7M4_T_le_v4SPD16_eabi.lib</file>
         <name>args_main.c.obj</name>
      </input_file>
   </input_file_list>
   <object_component_list>
      <object_component id="oc-12">
         <name>.intvecs</name>
         <load_address>0x0</load_address>
         <run_address>0x0</run_address>
         <size>0x26c</size>
         <input_file_ref idref="fl-3"/>
      </object_component>
      <object_component id="oc-85">
         <name>.text</name>
         <load_address>0x26c</load_address>
         <run_address>0x26c</run_address>
         <size>0x1fc4</size>
         <input_file_ref idref="fl-d"/>
      </object_component>
      <object_component id="oc-b8">
         <name>.text</name>
         <load_address>0x2230</load_address>
         <run_address>0x2230</run_address>
         <size>0x1046</size>
         <input_file_ref idref="fl-c"/>
      </object_component>
      <object_component id="oc-366">
         <name>.text</name>
         <load_address>0x3276</load_address>
         <run_address>0x3276</run_address>
         <size>0x2</size>
         <input_file_ref idref="fl-dd"/>
      </object_component>
      <object_component id="oc-169">
         <name>.text</name>
         <load_address>0x3278</load_address>
         <run_address>0x3278</run_address>
         <size>0x914</size>
         <input_file_ref idref="fl-19"/>
      </object_component>
      <object_component id="oc-128">
         <name>.text</name>
         <load_address>0x3b8c</load_address>
         <run_address>0x3b8c</run_address>
         <size>0x7dc</size>
         <input_file_ref idref="fl-e"/>
      </object_component>
      <object_component id="oc-b2">
         <name>.text</name>
         <load_address>0x4368</load_address>
         <run_address>0x4368</run_address>
         <size>0x570</size>
         <input_file_ref idref="fl-a"/>
      </object_component>
      <object_component id="oc-38">
         <name>.text</name>
         <load_address>0x48d8</load_address>
         <run_address>0x48d8</run_address>
         <size>0x388</size>
         <input_file_ref idref="fl-4"/>
      </object_component>
      <object_component id="oc-295">
         <name>.text</name>
         <load_address>0x4c60</load_address>
         <run_address>0x4c60</run_address>
         <size>0x358</size>
         <input_file_ref idref="fl-6"/>
      </object_component>
      <object_component id="oc-173">
         <name>.text</name>
         <load_address>0x4fb8</load_address>
         <run_address>0x4fb8</run_address>
         <size>0x30c</size>
         <input_file_ref idref="fl-16"/>
      </object_component>
      <object_component id="oc-32">
         <name>.text</name>
         <load_address>0x52c4</load_address>
         <run_address>0x52c4</run_address>
         <size>0x2b0</size>
         <input_file_ref idref="fl-f"/>
      </object_component>
      <object_component id="oc-1dc">
         <name>.text</name>
         <load_address>0x5574</load_address>
         <run_address>0x5574</run_address>
         <size>0x2ac</size>
         <input_file_ref idref="fl-8"/>
      </object_component>
      <object_component id="oc-30d">
         <name>.text</name>
         <load_address>0x5820</load_address>
         <run_address>0x5820</run_address>
         <size>0x1c8</size>
         <input_file_ref idref="fl-1b"/>
      </object_component>
      <object_component id="oc-11f">
         <name>.text</name>
         <load_address>0x59e8</load_address>
         <run_address>0x59e8</run_address>
         <size>0x12a</size>
         <input_file_ref idref="fl-b"/>
      </object_component>
      <object_component id="oc-17d">
         <name>.text</name>
         <load_address>0x5b14</load_address>
         <run_address>0x5b14</run_address>
         <size>0xe0</size>
         <input_file_ref idref="fl-15"/>
      </object_component>
      <object_component id="oc-2d">
         <name>.text</name>
         <load_address>0x5bf4</load_address>
         <run_address>0x5bf4</run_address>
         <size>0xda</size>
         <input_file_ref idref="fl-10"/>
      </object_component>
      <object_component id="oc-a0">
         <name>.text</name>
         <load_address>0x5cd0</load_address>
         <run_address>0x5cd0</run_address>
         <size>0xd0</size>
         <input_file_ref idref="fl-12"/>
      </object_component>
      <object_component id="oc-119">
         <name>.text</name>
         <load_address>0x5da0</load_address>
         <run_address>0x5da0</run_address>
         <size>0xd0</size>
         <input_file_ref idref="fl-11"/>
      </object_component>
      <object_component id="oc-4c">
         <name>.text</name>
         <load_address>0x5e70</load_address>
         <run_address>0x5e70</run_address>
         <size>0x9c</size>
         <input_file_ref idref="fl-d5"/>
      </object_component>
      <object_component id="oc-36b">
         <name>.text</name>
         <load_address>0x5f0c</load_address>
         <run_address>0x5f0c</run_address>
         <size>0x96</size>
         <input_file_ref idref="fl-d8"/>
      </object_component>
      <object_component id="oc-2a1">
         <name>.text</name>
         <load_address>0x5fa4</load_address>
         <run_address>0x5fa4</run_address>
         <size>0x7c</size>
         <input_file_ref idref="fl-5"/>
      </object_component>
      <object_component id="oc-f1">
         <name>.text</name>
         <load_address>0x6020</load_address>
         <run_address>0x6020</run_address>
         <size>0x7a</size>
         <input_file_ref idref="fl-d6"/>
      </object_component>
      <object_component id="oc-29b">
         <name>.text</name>
         <load_address>0x609c</load_address>
         <run_address>0x609c</run_address>
         <size>0x70</size>
         <input_file_ref idref="fl-7"/>
      </object_component>
      <object_component id="oc-34d">
         <name>.text</name>
         <load_address>0x610c</load_address>
         <run_address>0x610c</run_address>
         <size>0x6e</size>
         <input_file_ref idref="fl-d7"/>
      </object_component>
      <object_component id="oc-15">
         <name>.text:decompress:lzss:__TI_decompress_lzss</name>
         <load_address>0x617a</load_address>
         <run_address>0x617a</run_address>
         <size>0x68</size>
         <input_file_ref idref="fl-db"/>
      </object_component>
      <object_component id="oc-12e">
         <name>.text</name>
         <load_address>0x61e4</load_address>
         <run_address>0x61e4</run_address>
         <size>0x54</size>
         <input_file_ref idref="fl-18"/>
      </object_component>
      <object_component id="oc-a6">
         <name>.text</name>
         <load_address>0x6238</load_address>
         <run_address>0x6238</run_address>
         <size>0x4c</size>
         <input_file_ref idref="fl-13"/>
      </object_component>
      <object_component id="oc-1ef">
         <name>.text:__TI_auto_init_nobinit_nopinit:__TI_auto_init_nobinit_nopinit</name>
         <load_address>0x6284</load_address>
         <run_address>0x6284</run_address>
         <size>0x44</size>
         <input_file_ref idref="fl-de"/>
      </object_component>
      <object_component id="oc-ac">
         <name>.text</name>
         <load_address>0x62c8</load_address>
         <run_address>0x62c8</run_address>
         <size>0x3c</size>
         <input_file_ref idref="fl-14"/>
      </object_component>
      <object_component id="oc-6a">
         <name>.text:_c_int00_noargs:_c_int00_noargs</name>
         <load_address>0x6304</load_address>
         <run_address>0x6304</run_address>
         <size>0x34</size>
         <input_file_ref idref="fl-dc"/>
      </object_component>
      <object_component id="oc-261">
         <name>.text</name>
         <load_address>0x6338</load_address>
         <run_address>0x6338</run_address>
         <size>0x16</size>
         <input_file_ref idref="fl-9"/>
      </object_component>
      <object_component id="oc-1b">
         <name>.text:decompress:none:__TI_decompress_none</name>
         <load_address>0x634e</load_address>
         <run_address>0x634e</run_address>
         <size>0xe</size>
         <input_file_ref idref="fl-da"/>
      </object_component>
      <object_component id="oc-5e">
         <name>.text:decompress:ZI:__TI_zero_init</name>
         <load_address>0x635c</load_address>
         <run_address>0x635c</run_address>
         <size>0xc</size>
         <input_file_ref idref="fl-d9"/>
      </object_component>
      <object_component id="oc-27">
         <name>.text</name>
         <load_address>0x6368</load_address>
         <run_address>0x6368</run_address>
         <size>0xc</size>
         <input_file_ref idref="fl-3"/>
      </object_component>
      <object_component id="oc-fd">
         <name>.text</name>
         <load_address>0x6374</load_address>
         <run_address>0x6374</run_address>
         <size>0x8</size>
         <input_file_ref idref="fl-2"/>
      </object_component>
      <object_component id="oc-f7">
         <name>.text:_system_pre_init</name>
         <load_address>0x637c</load_address>
         <run_address>0x637c</run_address>
         <size>0x4</size>
         <input_file_ref idref="fl-df"/>
      </object_component>
      <object_component id="oc-1e3">
         <name>.text:abort:abort</name>
         <load_address>0x6380</load_address>
         <run_address>0x6380</run_address>
         <size>0x4</size>
         <input_file_ref idref="fl-e1"/>
      </object_component>
      <object_component id="oc-186">
         <name>.const:Dio_Configuration</name>
         <load_address>0x6384</load_address>
         <run_address>0x6384</run_address>
         <size>0x16</size>
         <input_file_ref idref="fl-17"/>
      </object_component>
      <object_component id="oc-2b2">
         <name>.const:DriverSeat_HeaterIntensityTaskParameters</name>
         <load_address>0x639a</load_address>
         <run_address>0x639a</run_address>
         <size>0x2</size>
         <input_file_ref idref="fl-4"/>
      </object_component>
      <object_component id="oc-82">
         <name>.const</name>
         <load_address>0x639c</load_address>
         <run_address>0x639c</run_address>
         <size>0x8</size>
         <input_file_ref idref="fl-f"/>
      </object_component>
      <object_component id="oc-2aa">
         <name>.const:DriverSeat_HeatingLevelTaskParameters</name>
         <load_address>0x63a4</load_address>
         <run_address>0x63a4</run_address>
         <size>0x8</size>
         <input_file_ref idref="fl-4"/>
      </object_component>
      <object_component id="oc-2c2">
         <name>.const:DriverSeat_SaveFailureInfoTaskParameters</name>
         <load_address>0x63ac</load_address>
         <run_address>0x63ac</run_address>
         <size>0x8</size>
         <input_file_ref idref="fl-5"/>
      </object_component>
      <object_component id="oc-2ba">
         <name>.const:DriverSeat_TempreatureTaskParameters</name>
         <load_address>0x63b4</load_address>
         <run_address>0x63b4</run_address>
         <size>0x8</size>
         <input_file_ref idref="fl-4"/>
      </object_component>
      <object_component id="oc-2ae">
         <name>.const:PassengerSeat_HeatingLevelTaskParameters</name>
         <load_address>0x63bc</load_address>
         <run_address>0x63bc</run_address>
         <size>0x8</size>
         <input_file_ref idref="fl-4"/>
      </object_component>
      <object_component id="oc-2c6">
         <name>.const:PassengerSeat_SaveFailureInfoTaskParameters</name>
         <load_address>0x63c4</load_address>
         <run_address>0x63c4</run_address>
         <size>0x8</size>
         <input_file_ref idref="fl-5"/>
      </object_component>
      <object_component id="oc-2be">
         <name>.const:PassengerSeat_TempreatureTaskParameters</name>
         <load_address>0x63cc</load_address>
         <run_address>0x63cc</run_address>
         <size>0x8</size>
         <input_file_ref idref="fl-4"/>
      </object_component>
      <object_component id="oc-138">
         <name>.const</name>
         <load_address>0x63d4</load_address>
         <run_address>0x63d4</run_address>
         <size>0x4</size>
         <input_file_ref idref="fl-d"/>
      </object_component>
      <object_component id="oc-2b6">
         <name>.const:PassengerSeat_HeaterIntensityTaskParameters</name>
         <load_address>0x63d8</load_address>
         <run_address>0x63d8</run_address>
         <size>0x2</size>
         <input_file_ref idref="fl-4"/>
      </object_component>
      <object_component id="oc-3a0">
         <name>.cinit..data.load</name>
         <load_address>0x63e0</load_address>
         <run_address>0x63e0</run_address>
         <size>0x5c</size>
      </object_component>
      <object_component id="oc-39e">
         <name>__TI_handler_table</name>
         <load_address>0x643c</load_address>
         <run_address>0x643c</run_address>
         <size>0xc</size>
      </object_component>
      <object_component id="oc-3a1">
         <name>.cinit..bss.load</name>
         <load_address>0x6448</load_address>
         <run_address>0x6448</run_address>
         <size>0x8</size>
      </object_component>
      <object_component id="oc-39f">
         <name>__TI_cinit_table</name>
         <load_address>0x6450</load_address>
         <run_address>0x6450</run_address>
         <size>0x10</size>
      </object_component>
      <object_component id="oc-316">
         <name>.data</name>
         <load_address>0x200015dc</load_address>
         <run_address>0x200015dc</run_address>
         <size>0x4</size>
         <input_file_ref idref="fl-5"/>
      </object_component>
      <object_component id="oc-1c7">
         <name>.data:System_State</name>
         <load_address>0x200015c4</load_address>
         <run_address>0x200015c4</run_address>
         <size>0x8</size>
         <input_file_ref idref="fl-8"/>
      </object_component>
      <object_component id="oc-cc">
         <name>.data</name>
         <load_address>0x200015e0</load_address>
         <run_address>0x200015e0</run_address>
         <size>0x4</size>
         <input_file_ref idref="fl-8"/>
      </object_component>
      <object_component id="oc-7f">
         <name>.data</name>
         <load_address>0x20001574</load_address>
         <run_address>0x20001574</run_address>
         <size>0x30</size>
         <input_file_ref idref="fl-d"/>
      </object_component>
      <object_component id="oc-23e">
         <name>.data</name>
         <load_address>0x200015b0</load_address>
         <run_address>0x200015b0</run_address>
         <size>0xc</size>
         <input_file_ref idref="fl-e"/>
      </object_component>
      <object_component id="oc-8c">
         <name>.data</name>
         <load_address>0x200015a4</load_address>
         <run_address>0x200015a4</run_address>
         <size>0xc</size>
         <input_file_ref idref="fl-f"/>
      </object_component>
      <object_component id="oc-232">
         <name>.data</name>
         <load_address>0x200015cc</load_address>
         <run_address>0x200015cc</run_address>
         <size>0x8</size>
         <input_file_ref idref="fl-11"/>
      </object_component>
      <object_component id="oc-16f">
         <name>.data:g_Button_Config</name>
         <load_address>0x200011b4</load_address>
         <run_address>0x200011b4</run_address>
         <size>0x140</size>
         <input_file_ref idref="fl-12"/>
      </object_component>
      <object_component id="oc-179">
         <name>.data:g_LED_Config</name>
         <load_address>0x200012f4</load_address>
         <run_address>0x200012f4</run_address>
         <size>0x140</size>
         <input_file_ref idref="fl-13"/>
      </object_component>
      <object_component id="oc-183">
         <name>.data:g_POT_Config</name>
         <load_address>0x20001434</load_address>
         <run_address>0x20001434</run_address>
         <size>0x140</size>
         <input_file_ref idref="fl-14"/>
      </object_component>
      <object_component id="oc-273">
         <name>.data</name>
         <load_address>0x200015d4</load_address>
         <run_address>0x200015d4</run_address>
         <size>0x5</size>
         <input_file_ref idref="fl-16"/>
      </object_component>
      <object_component id="oc-267">
         <name>.data</name>
         <load_address>0x200015bc</load_address>
         <run_address>0x200015bc</run_address>
         <size>0x8</size>
         <input_file_ref idref="fl-19"/>
      </object_component>
      <object_component id="oc-125">
         <name>.bss:pxReadyTasksLists</name>
         <uninitialized>true</uninitialized>
         <run_address>0x20001000</run_address>
         <size>0x78</size>
         <input_file_ref idref="fl-d"/>
      </object_component>
      <object_component id="oc-140">
         <name>.bss:xDelayedTaskList1</name>
         <uninitialized>true</uninitialized>
         <run_address>0x20001124</run_address>
         <size>0x14</size>
         <input_file_ref idref="fl-d"/>
      </object_component>
      <object_component id="oc-143">
         <name>.bss:xDelayedTaskList2</name>
         <uninitialized>true</uninitialized>
         <run_address>0x20001138</run_address>
         <size>0x14</size>
         <input_file_ref idref="fl-d"/>
      </object_component>
      <object_component id="oc-134">
         <name>.bss</name>
         <uninitialized>true</uninitialized>
         <run_address>0x20001170</run_address>
         <size>0x8</size>
         <input_file_ref idref="fl-d"/>
      </object_component>
      <object_component id="oc-13b">
         <name>.bss:xPendingReadyList</name>
         <uninitialized>true</uninitialized>
         <run_address>0x2000114c</run_address>
         <size>0x14</size>
         <input_file_ref idref="fl-d"/>
      </object_component>
      <object_component id="oc-244">
         <name>.bss:xActiveTimerList1</name>
         <uninitialized>true</uninitialized>
         <run_address>0x200010fc</run_address>
         <size>0x14</size>
         <input_file_ref idref="fl-e"/>
      </object_component>
      <object_component id="oc-247">
         <name>.bss:xActiveTimerList2</name>
         <uninitialized>true</uninitialized>
         <run_address>0x20001110</run_address>
         <size>0x14</size>
         <input_file_ref idref="fl-e"/>
      </object_component>
      <object_component id="oc-241">
         <name>.bss</name>
         <uninitialized>true</uninitialized>
         <run_address>0x20001178</run_address>
         <size>0x8</size>
         <input_file_ref idref="fl-e"/>
      </object_component>
      <object_component id="oc-235">
         <name>.bss:ucHeap</name>
         <uninitialized>true</uninitialized>
         <run_address>0x20000000</run_address>
         <size>0x1000</size>
         <input_file_ref idref="fl-11"/>
      </object_component>
      <object_component id="oc-cb">
         <name>.common:xSystemStateMutex</name>
         <uninitialized>true</uninitialized>
         <run_address>0x200011ac</run_address>
         <size>0x4</size>
      </object_component>
      <object_component id="oc-be">
         <name>.common:SystemControlEventGroup</name>
         <uninitialized>true</uninitialized>
         <run_address>0x200011a8</run_address>
         <size>0x4</size>
      </object_component>
      <object_component id="oc-2a8">
         <name>.common:DisplayTaskHandle</name>
         <uninitialized>true</uninitialized>
         <run_address>0x20001180</run_address>
         <size>0x4</size>
      </object_component>
      <object_component id="oc-2a7">
         <name>.common:MeasurementsTaskHandle</name>
         <uninitialized>true</uninitialized>
         <run_address>0x20001194</run_address>
         <size>0x4</size>
      </object_component>
      <object_component id="oc-2a9">
         <name>.common:DrvHeatingLevelHandle</name>
         <uninitialized>true</uninitialized>
         <run_address>0x2000118c</run_address>
         <size>0x4</size>
      </object_component>
      <object_component id="oc-2ad">
         <name>.common:PaxHeatingLevelHandle</name>
         <uninitialized>true</uninitialized>
         <run_address>0x200011a0</run_address>
         <size>0x4</size>
      </object_component>
      <object_component id="oc-2b1">
         <name>.common:DrvHeaterIntensityHandle</name>
         <uninitialized>true</uninitialized>
         <run_address>0x20001188</run_address>
         <size>0x4</size>
      </object_component>
      <object_component id="oc-2b5">
         <name>.common:PaxHeaterIntensityHandle</name>
         <uninitialized>true</uninitialized>
         <run_address>0x2000119c</run_address>
         <size>0x4</size>
      </object_component>
      <object_component id="oc-2b9">
         <name>.common:DrvTempHandle</name>
         <uninitialized>true</uninitialized>
         <run_address>0x20001190</run_address>
         <size>0x4</size>
      </object_component>
      <object_component id="oc-2bd">
         <name>.common:PaxTempHandle</name>
         <uninitialized>true</uninitialized>
         <run_address>0x200011a4</run_address>
         <size>0x4</size>
      </object_component>
      <object_component id="oc-2c1">
         <name>.common:DrvFailureHandle</name>
         <uninitialized>true</uninitialized>
         <run_address>0x20001184</run_address>
         <size>0x4</size>
      </object_component>
      <object_component id="oc-2c5">
         <name>.common:PaxFailureHandle</name>
         <uninitialized>true</uninitialized>
         <run_address>0x20001198</run_address>
         <size>0x4</size>
      </object_component>
      <object_component id="oc-354">
         <name>.common:System_Diagnostics</name>
         <uninitialized>true</uninitialized>
         <run_address>0x20001160</run_address>
         <size>0x10</size>
      </object_component>
      <object_component id="oc-313">
         <name>.common:CPU_Load</name>
         <uninitialized>true</uninitialized>
         <run_address>0x200011b0</run_address>
         <size>0x1</size>
      </object_component>
      <object_component id="oc-13e">
         <name>.common:ullTasksOutTime</name>
         <uninitialized>true</uninitialized>
         <run_address>0x200010a4</run_address>
         <size>0x2c</size>
      </object_component>
      <object_component id="oc-137">
         <name>.common:ullTasksInTime</name>
         <uninitialized>true</uninitialized>
         <run_address>0x20001078</run_address>
         <size>0x2c</size>
      </object_component>
      <object_component id="oc-13f">
         <name>.common:ullTasksTotalTime</name>
         <uninitialized>true</uninitialized>
         <run_address>0x200010d0</run_address>
         <size>0x2c</size>
      </object_component>
      <object_component id="oc-24">
         <name>.stack</name>
         <uninitialized>true</uninitialized>
         <run_address>0x200015e8</run_address>
         <size>0x4</size>
         <input_file_ref idref="fl-dc"/>
      </object_component>
      <object_component id="oc-3a3">
         <name>.stack</name>
         <uninitialized>true</uninitialized>
         <run_address>0x200015e8</run_address>
         <size>0x0</size>
      </object_component>
      <object_component id="oc-bf">
         <name>.debug_info</name>
         <load_address>0x0</load_address>
         <run_address>0x0</run_address>
         <size>0x67b</size>
         <input_file_ref idref="fl-2"/>
      </object_component>
      <object_component id="oc-fe">
         <name>.debug_info</name>
         <load_address>0x67b</load_address>
         <run_address>0x67b</run_address>
         <size>0x114</size>
         <input_file_ref idref="fl-2"/>
      </object_component>
      <object_component id="oc-d0">
         <name>.debug_info</name>
         <load_address>0x78f</load_address>
         <run_address>0x78f</run_address>
         <size>0x184</size>
         <input_file_ref idref="fl-2"/>
      </object_component>
      <object_component id="oc-155">
         <name>.debug_info</name>
         <load_address>0x913</load_address>
         <run_address>0x913</run_address>
         <size>0x30c</size>
         <input_file_ref idref="fl-2"/>
      </object_component>
      <object_component id="oc-2fd">
         <name>.debug_info</name>
         <load_address>0xc1f</load_address>
         <run_address>0xc1f</run_address>
         <size>0xa7</size>
         <input_file_ref idref="fl-2"/>
      </object_component>
      <object_component id="oc-d7">
         <name>.debug_info</name>
         <load_address>0xcc6</load_address>
         <run_address>0xcc6</run_address>
         <size>0x26b</size>
         <input_file_ref idref="fl-2"/>
      </object_component>
      <object_component id="oc-15f">
         <name>.debug_info</name>
         <load_address>0xf31</load_address>
         <run_address>0xf31</run_address>
         <size>0x476</size>
         <input_file_ref idref="fl-2"/>
      </object_component>
      <object_component id="oc-19f">
         <name>.debug_info</name>
         <load_address>0x13a7</load_address>
         <run_address>0x13a7</run_address>
         <size>0x42</size>
         <input_file_ref idref="fl-2"/>
      </object_component>
      <object_component id="oc-1a4">
         <name>.debug_info</name>
         <load_address>0x13e9</load_address>
         <run_address>0x13e9</run_address>
         <size>0x4f</size>
         <input_file_ref idref="fl-2"/>
      </object_component>
      <object_component id="oc-1ae">
         <name>.debug_info</name>
         <load_address>0x1438</load_address>
         <run_address>0x1438</run_address>
         <size>0x2c</size>
         <input_file_ref idref="fl-2"/>
      </object_component>
      <object_component id="oc-47">
         <name>.debug_info</name>
         <load_address>0x1464</load_address>
         <run_address>0x1464</run_address>
         <size>0x84</size>
         <input_file_ref idref="fl-2"/>
      </object_component>
      <object_component id="oc-91">
         <name>.debug_info</name>
         <load_address>0x14e8</load_address>
         <run_address>0x14e8</run_address>
         <size>0x2c</size>
         <input_file_ref idref="fl-2"/>
      </object_component>
      <object_component id="oc-1a9">
         <name>.debug_info</name>
         <load_address>0x1514</load_address>
         <run_address>0x1514</run_address>
         <size>0x4f</size>
         <input_file_ref idref="fl-2"/>
      </object_component>
      <object_component id="oc-164">
         <name>.debug_info</name>
         <load_address>0x1563</load_address>
         <run_address>0x1563</run_address>
         <size>0x2a4</size>
         <input_file_ref idref="fl-2"/>
      </object_component>
      <object_component id="oc-9b">
         <name>.debug_info</name>
         <load_address>0x1807</load_address>
         <run_address>0x1807</run_address>
         <size>0xbb</size>
         <input_file_ref idref="fl-2"/>
      </object_component>
      <object_component id="oc-147">
         <name>.debug_info</name>
         <load_address>0x18c2</load_address>
         <run_address>0x18c2</run_address>
         <size>0xae</size>
         <input_file_ref idref="fl-2"/>
      </object_component>
      <object_component id="oc-150">
         <name>.debug_info</name>
         <load_address>0x1970</load_address>
         <run_address>0x1970</run_address>
         <size>0x53</size>
         <input_file_ref idref="fl-2"/>
      </object_component>
      <object_component id="oc-96">
         <name>.debug_info</name>
         <load_address>0x19c3</load_address>
         <run_address>0x19c3</run_address>
         <size>0x53</size>
         <input_file_ref idref="fl-2"/>
      </object_component>
      <object_component id="oc-15a">
         <name>.debug_info</name>
         <load_address>0x1a16</load_address>
         <run_address>0x1a16</run_address>
         <size>0x14c</size>
         <input_file_ref idref="fl-2"/>
      </object_component>
      <object_component id="oc-40">
         <name>.debug_info</name>
         <load_address>0x1b62</load_address>
         <run_address>0x1b62</run_address>
         <size>0x36a</size>
         <input_file_ref idref="fl-3"/>
      </object_component>
      <object_component id="oc-13">
         <name>.debug_info</name>
         <load_address>0x1ecc</load_address>
         <run_address>0x1ecc</run_address>
         <size>0xf7</size>
         <input_file_ref idref="fl-3"/>
      </object_component>
      <object_component id="oc-28">
         <name>.debug_info</name>
         <load_address>0x1fc3</load_address>
         <run_address>0x1fc3</run_address>
         <size>0x273</size>
         <input_file_ref idref="fl-3"/>
      </object_component>
      <object_component id="oc-c1">
         <name>.debug_info</name>
         <load_address>0x2236</load_address>
         <run_address>0x2236</run_address>
         <size>0x9b9</size>
         <input_file_ref idref="fl-4"/>
      </object_component>
      <object_component id="oc-2ab">
         <name>.debug_info</name>
         <load_address>0x2bef</load_address>
         <run_address>0x2bef</run_address>
         <size>0x132</size>
         <input_file_ref idref="fl-4"/>
      </object_component>
      <object_component id="oc-2af">
         <name>.debug_info</name>
         <load_address>0x2d21</load_address>
         <run_address>0x2d21</run_address>
         <size>0x138</size>
         <input_file_ref idref="fl-4"/>
      </object_component>
      <object_component id="oc-2b3">
         <name>.debug_info</name>
         <load_address>0x2e59</load_address>
         <run_address>0x2e59</run_address>
         <size>0x138</size>
         <input_file_ref idref="fl-4"/>
      </object_component>
      <object_component id="oc-2b7">
         <name>.debug_info</name>
         <load_address>0x2f91</load_address>
         <run_address>0x2f91</run_address>
         <size>0x13e</size>
         <input_file_ref idref="fl-4"/>
      </object_component>
      <object_component id="oc-2bb">
         <name>.debug_info</name>
         <load_address>0x30cf</load_address>
         <run_address>0x30cf</run_address>
         <size>0x130</size>
         <input_file_ref idref="fl-4"/>
      </object_component>
      <object_component id="oc-2bf">
         <name>.debug_info</name>
         <load_address>0x31ff</load_address>
         <run_address>0x31ff</run_address>
         <size>0x136</size>
         <input_file_ref idref="fl-4"/>
      </object_component>
      <object_component id="oc-39">
         <name>.debug_info</name>
         <load_address>0x3335</load_address>
         <run_address>0x3335</run_address>
         <size>0x85d</size>
         <input_file_ref idref="fl-4"/>
      </object_component>
      <object_component id="oc-1b5">
         <name>.debug_info</name>
         <load_address>0x3b92</load_address>
         <run_address>0x3b92</run_address>
         <size>0xdc</size>
         <input_file_ref idref="fl-4"/>
      </object_component>
      <object_component id="oc-c3">
         <name>.debug_info</name>
         <load_address>0x3c6e</load_address>
         <run_address>0x3c6e</run_address>
         <size>0x81f</size>
         <input_file_ref idref="fl-5"/>
      </object_component>
      <object_component id="oc-317">
         <name>.debug_info</name>
         <load_address>0x448d</load_address>
         <run_address>0x448d</run_address>
         <size>0x11c</size>
         <input_file_ref idref="fl-5"/>
      </object_component>
      <object_component id="oc-2c3">
         <name>.debug_info</name>
         <load_address>0x45a9</load_address>
         <run_address>0x45a9</run_address>
         <size>0x140</size>
         <input_file_ref idref="fl-5"/>
      </object_component>
      <object_component id="oc-2c7">
         <name>.debug_info</name>
         <load_address>0x46e9</load_address>
         <run_address>0x46e9</run_address>
         <size>0x146</size>
         <input_file_ref idref="fl-5"/>
      </object_component>
      <object_component id="oc-2a2">
         <name>.debug_info</name>
         <load_address>0x482f</load_address>
         <run_address>0x482f</run_address>
         <size>0x2ff</size>
         <input_file_ref idref="fl-5"/>
      </object_component>
      <object_component id="oc-1bc">
         <name>.debug_info</name>
         <load_address>0x4b2e</load_address>
         <run_address>0x4b2e</run_address>
         <size>0xc8</size>
         <input_file_ref idref="fl-5"/>
      </object_component>
      <object_component id="oc-c5">
         <name>.debug_info</name>
         <load_address>0x4bf6</load_address>
         <run_address>0x4bf6</run_address>
         <size>0x816</size>
         <input_file_ref idref="fl-6"/>
      </object_component>
      <object_component id="oc-296">
         <name>.debug_info</name>
         <load_address>0x540c</load_address>
         <run_address>0x540c</run_address>
         <size>0x4ce</size>
         <input_file_ref idref="fl-6"/>
      </object_component>
      <object_component id="oc-c7">
         <name>.debug_info</name>
         <load_address>0x58da</load_address>
         <run_address>0x58da</run_address>
         <size>0x805</size>
         <input_file_ref idref="fl-7"/>
      </object_component>
      <object_component id="oc-29e">
         <name>.debug_info</name>
         <load_address>0x60df</load_address>
         <run_address>0x60df</run_address>
         <size>0x360</size>
         <input_file_ref idref="fl-7"/>
      </object_component>
      <object_component id="oc-c9">
         <name>.debug_info</name>
         <load_address>0x643f</load_address>
         <run_address>0x643f</run_address>
         <size>0xe03</size>
         <input_file_ref idref="fl-8"/>
      </object_component>
      <object_component id="oc-1c8">
         <name>.debug_info</name>
         <load_address>0x7242</load_address>
         <run_address>0x7242</run_address>
         <size>0xfc</size>
         <input_file_ref idref="fl-8"/>
      </object_component>
      <object_component id="oc-cd">
         <name>.debug_info</name>
         <load_address>0x733e</load_address>
         <run_address>0x733e</run_address>
         <size>0x104</size>
         <input_file_ref idref="fl-8"/>
      </object_component>
      <object_component id="oc-1df">
         <name>.debug_info</name>
         <load_address>0x7442</load_address>
         <run_address>0x7442</run_address>
         <size>0x415</size>
         <input_file_ref idref="fl-8"/>
      </object_component>
      <object_component id="oc-264">
         <name>.debug_info</name>
         <load_address>0x7857</load_address>
         <run_address>0x7857</run_address>
         <size>0x1e7</size>
         <input_file_ref idref="fl-9"/>
      </object_component>
      <object_component id="oc-190">
         <name>.debug_info</name>
         <load_address>0x7a3e</load_address>
         <run_address>0x7a3e</run_address>
         <size>0x6f8</size>
         <input_file_ref idref="fl-a"/>
      </object_component>
      <object_component id="oc-b3">
         <name>.debug_info</name>
         <load_address>0x8136</load_address>
         <run_address>0x8136</run_address>
         <size>0x1902</size>
         <input_file_ref idref="fl-a"/>
      </object_component>
      <object_component id="oc-198">
         <name>.debug_info</name>
         <load_address>0x9a38</load_address>
         <run_address>0x9a38</run_address>
         <size>0x110</size>
         <input_file_ref idref="fl-a"/>
      </object_component>
      <object_component id="oc-22d">
         <name>.debug_info</name>
         <load_address>0x9b48</load_address>
         <run_address>0x9b48</run_address>
         <size>0x476</size>
         <input_file_ref idref="fl-a"/>
      </object_component>
      <object_component id="oc-287">
         <name>.debug_info</name>
         <load_address>0x9fbe</load_address>
         <run_address>0x9fbe</run_address>
         <size>0x76</size>
         <input_file_ref idref="fl-a"/>
      </object_component>
      <object_component id="oc-18b">
         <name>.debug_info</name>
         <load_address>0xa034</load_address>
         <run_address>0xa034</run_address>
         <size>0x39</size>
         <input_file_ref idref="fl-a"/>
      </object_component>
      <object_component id="oc-23b">
         <name>.debug_info</name>
         <load_address>0xa06d</load_address>
         <run_address>0xa06d</run_address>
         <size>0x390</size>
         <input_file_ref idref="fl-b"/>
      </object_component>
      <object_component id="oc-122">
         <name>.debug_info</name>
         <load_address>0xa3fd</load_address>
         <run_address>0xa3fd</run_address>
         <size>0x500</size>
         <input_file_ref idref="fl-b"/>
      </object_component>
      <object_component id="oc-197">
         <name>.debug_info</name>
         <load_address>0xa8fd</load_address>
         <run_address>0xa8fd</run_address>
         <size>0x8f6</size>
         <input_file_ref idref="fl-c"/>
      </object_component>
      <object_component id="oc-b9">
         <name>.debug_info</name>
         <load_address>0xb1f3</load_address>
         <run_address>0xb1f3</run_address>
         <size>0x344c</size>
         <input_file_ref idref="fl-c"/>
      </object_component>
      <object_component id="oc-28e">
         <name>.debug_info</name>
         <load_address>0xe63f</load_address>
         <run_address>0xe63f</run_address>
         <size>0x1ef</size>
         <input_file_ref idref="fl-c"/>
      </object_component>
      <object_component id="oc-192">
         <name>.debug_info</name>
         <load_address>0xe82e</load_address>
         <run_address>0xe82e</run_address>
         <size>0x46</size>
         <input_file_ref idref="fl-c"/>
      </object_component>
      <object_component id="oc-223">
         <name>.debug_info</name>
         <load_address>0xe874</load_address>
         <run_address>0xe874</run_address>
         <size>0x35</size>
         <input_file_ref idref="fl-c"/>
      </object_component>
      <object_component id="oc-111">
         <name>.debug_info</name>
         <load_address>0xe8a9</load_address>
         <run_address>0xe8a9</run_address>
         <size>0x88e</size>
         <input_file_ref idref="fl-d"/>
      </object_component>
      <object_component id="oc-80">
         <name>.debug_info</name>
         <load_address>0xf137</load_address>
         <run_address>0xf137</run_address>
         <size>0x30c</size>
         <input_file_ref idref="fl-d"/>
      </object_component>
      <object_component id="oc-126">
         <name>.debug_info</name>
         <load_address>0xf443</load_address>
         <run_address>0xf443</run_address>
         <size>0xfe</size>
         <input_file_ref idref="fl-d"/>
      </object_component>
      <object_component id="oc-141">
         <name>.debug_info</name>
         <load_address>0xf541</load_address>
         <run_address>0xf541</run_address>
         <size>0xfe</size>
         <input_file_ref idref="fl-d"/>
      </object_component>
      <object_component id="oc-144">
         <name>.debug_info</name>
         <load_address>0xf63f</load_address>
         <run_address>0xf63f</run_address>
         <size>0xfe</size>
         <input_file_ref idref="fl-d"/>
      </object_component>
      <object_component id="oc-135">
         <name>.debug_info</name>
         <load_address>0xf73d</load_address>
         <run_address>0xf73d</run_address>
         <size>0x141</size>
         <input_file_ref idref="fl-d"/>
      </object_component>
      <object_component id="oc-13c">
         <name>.debug_info</name>
         <load_address>0xf87e</load_address>
         <run_address>0xf87e</run_address>
         <size>0xfe</size>
         <input_file_ref idref="fl-d"/>
      </object_component>
      <object_component id="oc-139">
         <name>.debug_info</name>
         <load_address>0xf97c</load_address>
         <run_address>0xf97c</run_address>
         <size>0xff</size>
         <input_file_ref idref="fl-d"/>
      </object_component>
      <object_component id="oc-86">
         <name>.debug_info</name>
         <load_address>0xfa7b</load_address>
         <run_address>0xfa7b</run_address>
         <size>0x4deb</size>
         <input_file_ref idref="fl-d"/>
      </object_component>
      <object_component id="oc-112">
         <name>.debug_info</name>
         <load_address>0x14866</load_address>
         <run_address>0x14866</run_address>
         <size>0x303</size>
         <input_file_ref idref="fl-d"/>
      </object_component>
      <object_component id="oc-228">
         <name>.debug_info</name>
         <load_address>0x14b69</load_address>
         <run_address>0x14b69</run_address>
         <size>0x15a</size>
         <input_file_ref idref="fl-d"/>
      </object_component>
      <object_component id="oc-250">
         <name>.debug_info</name>
         <load_address>0x14cc3</load_address>
         <run_address>0x14cc3</run_address>
         <size>0x841</size>
         <input_file_ref idref="fl-e"/>
      </object_component>
      <object_component id="oc-245">
         <name>.debug_info</name>
         <load_address>0x15504</load_address>
         <run_address>0x15504</run_address>
         <size>0xfe</size>
         <input_file_ref idref="fl-e"/>
      </object_component>
      <object_component id="oc-248">
         <name>.debug_info</name>
         <load_address>0x15602</load_address>
         <run_address>0x15602</run_address>
         <size>0xfe</size>
         <input_file_ref idref="fl-e"/>
      </object_component>
      <object_component id="oc-242">
         <name>.debug_info</name>
         <load_address>0x15700</load_address>
         <run_address>0x15700</run_address>
         <size>0x136</size>
         <input_file_ref idref="fl-e"/>
      </object_component>
      <object_component id="oc-23f">
         <name>.debug_info</name>
         <load_address>0x15836</load_address>
         <run_address>0x15836</run_address>
         <size>0x122</size>
         <input_file_ref idref="fl-e"/>
      </object_component>
      <object_component id="oc-12b">
         <name>.debug_info</name>
         <load_address>0x15958</load_address>
         <run_address>0x15958</run_address>
         <size>0x2560</size>
         <input_file_ref idref="fl-e"/>
      </object_component>
      <object_component id="oc-251">
         <name>.debug_info</name>
         <load_address>0x17eb8</load_address>
         <run_address>0x17eb8</run_address>
         <size>0x1e2</size>
         <input_file_ref idref="fl-e"/>
      </object_component>
      <object_component id="oc-24b">
         <name>.debug_info</name>
         <load_address>0x1809a</load_address>
         <run_address>0x1809a</run_address>
         <size>0x46</size>
         <input_file_ref idref="fl-e"/>
      </object_component>
      <object_component id="oc-90">
         <name>.debug_info</name>
         <load_address>0x180e0</load_address>
         <run_address>0x180e0</run_address>
         <size>0x477</size>
         <input_file_ref idref="fl-f"/>
      </object_component>
      <object_component id="oc-83">
         <name>.debug_info</name>
         <load_address>0x18557</load_address>
         <run_address>0x18557</run_address>
         <size>0x173</size>
         <input_file_ref idref="fl-f"/>
      </object_component>
      <object_component id="oc-8d">
         <name>.debug_info</name>
         <load_address>0x186ca</load_address>
         <run_address>0x186ca</run_address>
         <size>0x17e</size>
         <input_file_ref idref="fl-f"/>
      </object_component>
      <object_component id="oc-33">
         <name>.debug_info</name>
         <load_address>0x18848</load_address>
         <run_address>0x18848</run_address>
         <size>0x90a</size>
         <input_file_ref idref="fl-f"/>
      </object_component>
      <object_component id="oc-2f">
         <name>.debug_info</name>
         <load_address>0x19152</load_address>
         <run_address>0x19152</run_address>
         <size>0x260</size>
         <input_file_ref idref="fl-10"/>
      </object_component>
      <object_component id="oc-239">
         <name>.debug_info</name>
         <load_address>0x193b2</load_address>
         <run_address>0x193b2</run_address>
         <size>0x429</size>
         <input_file_ref idref="fl-11"/>
      </object_component>
      <object_component id="oc-236">
         <name>.debug_info</name>
         <load_address>0x197db</load_address>
         <run_address>0x197db</run_address>
         <size>0xf9</size>
         <input_file_ref idref="fl-11"/>
      </object_component>
      <object_component id="oc-233">
         <name>.debug_info</name>
         <load_address>0x198d4</load_address>
         <run_address>0x198d4</run_address>
         <size>0x107</size>
         <input_file_ref idref="fl-11"/>
      </object_component>
      <object_component id="oc-11a">
         <name>.debug_info</name>
         <load_address>0x199db</load_address>
         <run_address>0x199db</run_address>
         <size>0x417</size>
         <input_file_ref idref="fl-11"/>
      </object_component>
      <object_component id="oc-306">
         <name>.debug_info</name>
         <load_address>0x19df2</load_address>
         <run_address>0x19df2</run_address>
         <size>0x2ae</size>
         <input_file_ref idref="fl-12"/>
      </object_component>
      <object_component id="oc-170">
         <name>.debug_info</name>
         <load_address>0x1a0a0</load_address>
         <run_address>0x1a0a0</run_address>
         <size>0xf7</size>
         <input_file_ref idref="fl-12"/>
      </object_component>
      <object_component id="oc-a1">
         <name>.debug_info</name>
         <load_address>0x1a197</load_address>
         <run_address>0x1a197</run_address>
         <size>0x1ca</size>
         <input_file_ref idref="fl-12"/>
      </object_component>
      <object_component id="oc-26c">
         <name>.debug_info</name>
         <load_address>0x1a361</load_address>
         <run_address>0x1a361</run_address>
         <size>0x21a</size>
         <input_file_ref idref="fl-12"/>
      </object_component>
      <object_component id="oc-278">
         <name>.debug_info</name>
         <load_address>0x1a57b</load_address>
         <run_address>0x1a57b</run_address>
         <size>0x114</size>
         <input_file_ref idref="fl-12"/>
      </object_component>
      <object_component id="oc-17a">
         <name>.debug_info</name>
         <load_address>0x1a68f</load_address>
         <run_address>0x1a68f</run_address>
         <size>0xeb</size>
         <input_file_ref idref="fl-13"/>
      </object_component>
      <object_component id="oc-a7">
         <name>.debug_info</name>
         <load_address>0x1a77a</load_address>
         <run_address>0x1a77a</run_address>
         <size>0x29b</size>
         <input_file_ref idref="fl-13"/>
      </object_component>
      <object_component id="oc-184">
         <name>.debug_info</name>
         <load_address>0x1aa15</load_address>
         <run_address>0x1aa15</run_address>
         <size>0xf5</size>
         <input_file_ref idref="fl-14"/>
      </object_component>
      <object_component id="oc-ad">
         <name>.debug_info</name>
         <load_address>0x1ab0a</load_address>
         <run_address>0x1ab0a</run_address>
         <size>0x212</size>
         <input_file_ref idref="fl-14"/>
      </object_component>
      <object_component id="oc-180">
         <name>.debug_info</name>
         <load_address>0x1ad1c</load_address>
         <run_address>0x1ad1c</run_address>
         <size>0x1b9</size>
         <input_file_ref idref="fl-15"/>
      </object_component>
      <object_component id="oc-277">
         <name>.debug_info</name>
         <load_address>0x1aed5</load_address>
         <run_address>0x1aed5</run_address>
         <size>0x2ce</size>
         <input_file_ref idref="fl-16"/>
      </object_component>
      <object_component id="oc-274">
         <name>.debug_info</name>
         <load_address>0x1b1a3</load_address>
         <run_address>0x1b1a3</run_address>
         <size>0x116</size>
         <input_file_ref idref="fl-16"/>
      </object_component>
      <object_component id="oc-174">
         <name>.debug_info</name>
         <load_address>0x1b2b9</load_address>
         <run_address>0x1b2b9</run_address>
         <size>0x4a0</size>
         <input_file_ref idref="fl-16"/>
      </object_component>
      <object_component id="oc-284">
         <name>.debug_info</name>
         <load_address>0x1b759</load_address>
         <run_address>0x1b759</run_address>
         <size>0xdb</size>
         <input_file_ref idref="fl-17"/>
      </object_component>
      <object_component id="oc-187">
         <name>.debug_info</name>
         <load_address>0x1b834</load_address>
         <run_address>0x1b834</run_address>
         <size>0xfb</size>
         <input_file_ref idref="fl-17"/>
      </object_component>
      <object_component id="oc-132">
         <name>.debug_info</name>
         <load_address>0x1b92f</load_address>
         <run_address>0x1b92f</run_address>
         <size>0x19e</size>
         <input_file_ref idref="fl-18"/>
      </object_component>
      <object_component id="oc-26b">
         <name>.debug_info</name>
         <load_address>0x1bacd</load_address>
         <run_address>0x1bacd</run_address>
         <size>0x2c6</size>
         <input_file_ref idref="fl-19"/>
      </object_component>
      <object_component id="oc-268">
         <name>.debug_info</name>
         <load_address>0x1bd93</load_address>
         <run_address>0x1bd93</run_address>
         <size>0x116</size>
         <input_file_ref idref="fl-19"/>
      </object_component>
      <object_component id="oc-16d">
         <name>.debug_info</name>
         <load_address>0x1bea9</load_address>
         <run_address>0x1bea9</run_address>
         <size>0x4ee</size>
         <input_file_ref idref="fl-19"/>
      </object_component>
      <object_component id="oc-353">
         <name>.debug_info</name>
         <load_address>0x1c397</load_address>
         <run_address>0x1c397</run_address>
         <size>0x278</size>
         <input_file_ref idref="fl-1b"/>
      </object_component>
      <object_component id="oc-30e">
         <name>.debug_info</name>
         <load_address>0x1c60f</load_address>
         <run_address>0x1c60f</run_address>
         <size>0x478</size>
         <input_file_ref idref="fl-1b"/>
      </object_component>
      <object_component id="oc-4e">
         <name>.debug_info</name>
         <load_address>0x1ca87</load_address>
         <run_address>0x1ca87</run_address>
         <size>0x119</size>
         <input_file_ref idref="fl-d5"/>
      </object_component>
      <object_component id="oc-f4">
         <name>.debug_info</name>
         <load_address>0x1cba0</load_address>
         <run_address>0x1cba0</run_address>
         <size>0x147</size>
         <input_file_ref idref="fl-d6"/>
      </object_component>
      <object_component id="oc-34f">
         <name>.debug_info</name>
         <load_address>0x1cce7</load_address>
         <run_address>0x1cce7</run_address>
         <size>0x13f</size>
         <input_file_ref idref="fl-d7"/>
      </object_component>
      <object_component id="oc-36c">
         <name>.debug_info</name>
         <load_address>0x1ce26</load_address>
         <run_address>0x1ce26</run_address>
         <size>0x134</size>
         <input_file_ref idref="fl-d8"/>
      </object_component>
      <object_component id="oc-f0">
         <name>.debug_info</name>
         <load_address>0x1cf5a</load_address>
         <run_address>0x1cf5a</run_address>
         <size>0x2d4</size>
         <input_file_ref idref="fl-d9"/>
      </object_component>
      <object_component id="oc-5f">
         <name>.debug_info</name>
         <load_address>0x1d22e</load_address>
         <run_address>0x1d22e</run_address>
         <size>0x1b5</size>
         <input_file_ref idref="fl-d9"/>
      </object_component>
      <object_component id="oc-eb">
         <name>.debug_info</name>
         <load_address>0x1d3e3</load_address>
         <run_address>0x1d3e3</run_address>
         <size>0x46</size>
         <input_file_ref idref="fl-d9"/>
      </object_component>
      <object_component id="oc-1d3">
         <name>.debug_info</name>
         <load_address>0x1d429</load_address>
         <run_address>0x1d429</run_address>
         <size>0x2c</size>
         <input_file_ref idref="fl-d9"/>
      </object_component>
      <object_component id="oc-57">
         <name>.debug_info</name>
         <load_address>0x1d455</load_address>
         <run_address>0x1d455</run_address>
         <size>0x2a8</size>
         <input_file_ref idref="fl-da"/>
      </object_component>
      <object_component id="oc-1e">
         <name>.debug_info</name>
         <load_address>0x1d6fd</load_address>
         <run_address>0x1d6fd</run_address>
         <size>0x1ea</size>
         <input_file_ref idref="fl-da"/>
      </object_component>
      <object_component id="oc-52">
         <name>.debug_info</name>
         <load_address>0x1d8e7</load_address>
         <run_address>0x1d8e7</run_address>
         <size>0x46</size>
         <input_file_ref idref="fl-da"/>
      </object_component>
      <object_component id="oc-e3">
         <name>.debug_info</name>
         <load_address>0x1d92d</load_address>
         <run_address>0x1d92d</run_address>
         <size>0x2c</size>
         <input_file_ref idref="fl-da"/>
      </object_component>
      <object_component id="oc-e1">
         <name>.debug_info</name>
         <load_address>0x1d959</load_address>
         <run_address>0x1d959</run_address>
         <size>0x29e</size>
         <input_file_ref idref="fl-db"/>
      </object_component>
      <object_component id="oc-16">
         <name>.debug_info</name>
         <load_address>0x1dbf7</load_address>
         <run_address>0x1dbf7</run_address>
         <size>0x250</size>
         <input_file_ref idref="fl-db"/>
      </object_component>
      <object_component id="oc-42">
         <name>.debug_info</name>
         <load_address>0x1de47</load_address>
         <run_address>0x1de47</run_address>
         <size>0x60</size>
         <input_file_ref idref="fl-db"/>
      </object_component>
      <object_component id="oc-1cc">
         <name>.debug_info</name>
         <load_address>0x1dea7</load_address>
         <run_address>0x1dea7</run_address>
         <size>0x46</size>
         <input_file_ref idref="fl-db"/>
      </object_component>
      <object_component id="oc-dc">
         <name>.debug_info</name>
         <load_address>0x1deed</load_address>
         <run_address>0x1deed</run_address>
         <size>0x39</size>
         <input_file_ref idref="fl-db"/>
      </object_component>
      <object_component id="oc-25">
         <name>.debug_info</name>
         <load_address>0x1df26</load_address>
         <run_address>0x1df26</run_address>
         <size>0x10b</size>
         <input_file_ref idref="fl-dc"/>
      </object_component>
      <object_component id="oc-6e">
         <name>.debug_info</name>
         <load_address>0x1e031</load_address>
         <run_address>0x1e031</run_address>
         <size>0x1a9</size>
         <input_file_ref idref="fl-dc"/>
      </object_component>
      <object_component id="oc-367">
         <name>.debug_info</name>
         <load_address>0x1e1da</load_address>
         <run_address>0x1e1da</run_address>
         <size>0x115</size>
         <input_file_ref idref="fl-dd"/>
      </object_component>
      <object_component id="oc-2d5">
         <name>.debug_info</name>
         <load_address>0x1e2ef</load_address>
         <run_address>0x1e2ef</run_address>
         <size>0x4b3</size>
         <input_file_ref idref="fl-de"/>
      </object_component>
      <object_component id="oc-1f0">
         <name>.debug_info</name>
         <load_address>0x1e7a2</load_address>
         <run_address>0x1e7a2</run_address>
         <size>0x1a6</size>
         <input_file_ref idref="fl-de"/>
      </object_component>
      <object_component id="oc-33a">
         <name>.debug_info</name>
         <load_address>0x1e948</load_address>
         <run_address>0x1e948</run_address>
         <size>0x39</size>
         <input_file_ref idref="fl-de"/>
      </object_component>
      <object_component id="oc-35a">
         <name>.debug_info</name>
         <load_address>0x1e981</load_address>
         <run_address>0x1e981</run_address>
         <size>0x39</size>
         <input_file_ref idref="fl-de"/>
      </object_component>
      <object_component id="oc-33f">
         <name>.debug_info</name>
         <load_address>0x1e9ba</load_address>
         <run_address>0x1e9ba</run_address>
         <size>0x39</size>
         <input_file_ref idref="fl-de"/>
      </object_component>
      <object_component id="oc-344">
         <name>.debug_info</name>
         <load_address>0x1e9f3</load_address>
         <run_address>0x1e9f3</run_address>
         <size>0xcd</size>
         <input_file_ref idref="fl-de"/>
      </object_component>
      <object_component id="oc-fa">
         <name>.debug_info</name>
         <load_address>0x1eac0</load_address>
         <run_address>0x1eac0</run_address>
         <size>0x153</size>
         <input_file_ref idref="fl-df"/>
      </object_component>
      <object_component id="oc-1e4">
         <name>.debug_info</name>
         <load_address>0x1ec13</load_address>
         <run_address>0x1ec13</run_address>
         <size>0x122</size>
         <input_file_ref idref="fl-e1"/>
      </object_component>
      <object_component id="oc-3a4">
         <name>.debug_info</name>
         <load_address>0x1ed35</load_address>
         <run_address>0x1ed35</run_address>
         <size>0xaa</size>
      </object_component>
      <object_component id="oc-19e">
         <name>.debug_line</name>
         <load_address>0x0</load_address>
         <run_address>0x0</run_address>
         <size>0x79</size>
         <input_file_ref idref="fl-2"/>
      </object_component>
      <object_component id="oc-101">
         <name>.debug_line</name>
         <load_address>0x79</load_address>
         <run_address>0x79</run_address>
         <size>0x42</size>
         <input_file_ref idref="fl-2"/>
      </object_component>
      <object_component id="oc-d3">
         <name>.debug_line</name>
         <load_address>0xbb</load_address>
         <run_address>0xbb</run_address>
         <size>0x79</size>
         <input_file_ref idref="fl-2"/>
      </object_component>
      <object_component id="oc-158">
         <name>.debug_line</name>
         <load_address>0x134</load_address>
         <run_address>0x134</run_address>
         <size>0x78</size>
         <input_file_ref idref="fl-2"/>
      </object_component>
      <object_component id="oc-300">
         <name>.debug_line</name>
         <load_address>0x1ac</load_address>
         <run_address>0x1ac</run_address>
         <size>0x6c</size>
         <input_file_ref idref="fl-2"/>
      </object_component>
      <object_component id="oc-da">
         <name>.debug_line</name>
         <load_address>0x218</load_address>
         <run_address>0x218</run_address>
         <size>0x6f</size>
         <input_file_ref idref="fl-2"/>
      </object_component>
      <object_component id="oc-162">
         <name>.debug_line</name>
         <load_address>0x287</load_address>
         <run_address>0x287</run_address>
         <size>0x7c</size>
         <input_file_ref idref="fl-2"/>
      </object_component>
      <object_component id="oc-1a2">
         <name>.debug_line</name>
         <load_address>0x303</load_address>
         <run_address>0x303</run_address>
         <size>0x80</size>
         <input_file_ref idref="fl-2"/>
      </object_component>
      <object_component id="oc-1a7">
         <name>.debug_line</name>
         <load_address>0x383</load_address>
         <run_address>0x383</run_address>
         <size>0x79</size>
         <input_file_ref idref="fl-2"/>
      </object_component>
      <object_component id="oc-1b1">
         <name>.debug_line</name>
         <load_address>0x3fc</load_address>
         <run_address>0x3fc</run_address>
         <size>0x7a</size>
         <input_file_ref idref="fl-2"/>
      </object_component>
      <object_component id="oc-4a">
         <name>.debug_line</name>
         <load_address>0x476</load_address>
         <run_address>0x476</run_address>
         <size>0x20</size>
         <input_file_ref idref="fl-2"/>
      </object_component>
      <object_component id="oc-94">
         <name>.debug_line</name>
         <load_address>0x496</load_address>
         <run_address>0x496</run_address>
         <size>0x7c</size>
         <input_file_ref idref="fl-2"/>
      </object_component>
      <object_component id="oc-1ac">
         <name>.debug_line</name>
         <load_address>0x512</load_address>
         <run_address>0x512</run_address>
         <size>0x7a</size>
         <input_file_ref idref="fl-2"/>
      </object_component>
      <object_component id="oc-167">
         <name>.debug_line</name>
         <load_address>0x58c</load_address>
         <run_address>0x58c</run_address>
         <size>0x73</size>
         <input_file_ref idref="fl-2"/>
      </object_component>
      <object_component id="oc-9e">
         <name>.debug_line</name>
         <load_address>0x5ff</load_address>
         <run_address>0x5ff</run_address>
         <size>0x70</size>
         <input_file_ref idref="fl-2"/>
      </object_component>
      <object_component id="oc-14a">
         <name>.debug_line</name>
         <load_address>0x66f</load_address>
         <run_address>0x66f</run_address>
         <size>0x71</size>
         <input_file_ref idref="fl-2"/>
      </object_component>
      <object_component id="oc-153">
         <name>.debug_line</name>
         <load_address>0x6e0</load_address>
         <run_address>0x6e0</run_address>
         <size>0x6b</size>
         <input_file_ref idref="fl-2"/>
      </object_component>
      <object_component id="oc-99">
         <name>.debug_line</name>
         <load_address>0x74b</load_address>
         <run_address>0x74b</run_address>
         <size>0x8b</size>
         <input_file_ref idref="fl-2"/>
      </object_component>
      <object_component id="oc-15d">
         <name>.debug_line</name>
         <load_address>0x7d6</load_address>
         <run_address>0x7d6</run_address>
         <size>0x78</size>
         <input_file_ref idref="fl-2"/>
      </object_component>
      <object_component id="oc-d6">
         <name>.debug_line</name>
         <load_address>0x84e</load_address>
         <run_address>0x84e</run_address>
         <size>0x41</size>
         <input_file_ref idref="fl-3"/>
      </object_component>
      <object_component id="oc-3f">
         <name>.debug_line</name>
         <load_address>0x88f</load_address>
         <run_address>0x88f</run_address>
         <size>0x41</size>
         <input_file_ref idref="fl-3"/>
      </object_component>
      <object_component id="oc-2c">
         <name>.debug_line</name>
         <load_address>0x8d0</load_address>
         <run_address>0x8d0</run_address>
         <size>0xa1</size>
         <input_file_ref idref="fl-3"/>
      </object_component>
      <object_component id="oc-1b4">
         <name>.debug_line</name>
         <load_address>0x971</load_address>
         <run_address>0x971</run_address>
         <size>0x272</size>
         <input_file_ref idref="fl-4"/>
      </object_component>
      <object_component id="oc-31b">
         <name>.debug_line</name>
         <load_address>0xbe3</load_address>
         <run_address>0xbe3</run_address>
         <size>0x4a</size>
         <input_file_ref idref="fl-4"/>
      </object_component>
      <object_component id="oc-31d">
         <name>.debug_line</name>
         <load_address>0xc2d</load_address>
         <run_address>0xc2d</run_address>
         <size>0x4a</size>
         <input_file_ref idref="fl-4"/>
      </object_component>
      <object_component id="oc-31f">
         <name>.debug_line</name>
         <load_address>0xc77</load_address>
         <run_address>0xc77</run_address>
         <size>0x4a</size>
         <input_file_ref idref="fl-4"/>
      </object_component>
      <object_component id="oc-321">
         <name>.debug_line</name>
         <load_address>0xcc1</load_address>
         <run_address>0xcc1</run_address>
         <size>0x4a</size>
         <input_file_ref idref="fl-4"/>
      </object_component>
      <object_component id="oc-323">
         <name>.debug_line</name>
         <load_address>0xd0b</load_address>
         <run_address>0xd0b</run_address>
         <size>0x4a</size>
         <input_file_ref idref="fl-4"/>
      </object_component>
      <object_component id="oc-325">
         <name>.debug_line</name>
         <load_address>0xd55</load_address>
         <run_address>0xd55</run_address>
         <size>0x4a</size>
         <input_file_ref idref="fl-4"/>
      </object_component>
      <object_component id="oc-3d">
         <name>.debug_line</name>
         <load_address>0xd9f</load_address>
         <run_address>0xd9f</run_address>
         <size>0x1ba</size>
         <input_file_ref idref="fl-4"/>
      </object_component>
      <object_component id="oc-1b8">
         <name>.debug_line</name>
         <load_address>0xf59</load_address>
         <run_address>0xf59</run_address>
         <size>0x4a</size>
         <input_file_ref idref="fl-4"/>
      </object_component>
      <object_component id="oc-1bb">
         <name>.debug_line</name>
         <load_address>0xfa3</load_address>
         <run_address>0xfa3</run_address>
         <size>0x1ae</size>
         <input_file_ref idref="fl-5"/>
      </object_component>
      <object_component id="oc-356">
         <name>.debug_line</name>
         <load_address>0x1151</load_address>
         <run_address>0x1151</run_address>
         <size>0x52</size>
         <input_file_ref idref="fl-5"/>
      </object_component>
      <object_component id="oc-327">
         <name>.debug_line</name>
         <load_address>0x11a3</load_address>
         <run_address>0x11a3</run_address>
         <size>0x52</size>
         <input_file_ref idref="fl-5"/>
      </object_component>
      <object_component id="oc-329">
         <name>.debug_line</name>
         <load_address>0x11f5</load_address>
         <run_address>0x11f5</run_address>
         <size>0x52</size>
         <input_file_ref idref="fl-5"/>
      </object_component>
      <object_component id="oc-2a5">
         <name>.debug_line</name>
         <load_address>0x1247</load_address>
         <run_address>0x1247</run_address>
         <size>0x87</size>
         <input_file_ref idref="fl-5"/>
      </object_component>
      <object_component id="oc-1bf">
         <name>.debug_line</name>
         <load_address>0x12ce</load_address>
         <run_address>0x12ce</run_address>
         <size>0x52</size>
         <input_file_ref idref="fl-5"/>
      </object_component>
      <object_component id="oc-1c2">
         <name>.debug_line</name>
         <load_address>0x1320</load_address>
         <run_address>0x1320</run_address>
         <size>0x175</size>
         <input_file_ref idref="fl-6"/>
      </object_component>
      <object_component id="oc-299">
         <name>.debug_line</name>
         <load_address>0x1495</load_address>
         <run_address>0x1495</run_address>
         <size>0x10a</size>
         <input_file_ref idref="fl-6"/>
      </object_component>
      <object_component id="oc-1c4">
         <name>.debug_line</name>
         <load_address>0x159f</load_address>
         <run_address>0x159f</run_address>
         <size>0x14f</size>
         <input_file_ref idref="fl-7"/>
      </object_component>
      <object_component id="oc-29d">
         <name>.debug_line</name>
         <load_address>0x16ee</load_address>
         <run_address>0x16ee</run_address>
         <size>0x99</size>
         <input_file_ref idref="fl-7"/>
      </object_component>
      <object_component id="oc-1c6">
         <name>.debug_line</name>
         <load_address>0x1787</load_address>
         <run_address>0x1787</run_address>
         <size>0x2dd</size>
         <input_file_ref idref="fl-8"/>
      </object_component>
      <object_component id="oc-294">
         <name>.debug_line</name>
         <load_address>0x1a64</load_address>
         <run_address>0x1a64</run_address>
         <size>0x46</size>
         <input_file_ref idref="fl-8"/>
      </object_component>
      <object_component id="oc-1cb">
         <name>.debug_line</name>
         <load_address>0x1aaa</load_address>
         <run_address>0x1aaa</run_address>
         <size>0x46</size>
         <input_file_ref idref="fl-8"/>
      </object_component>
      <object_component id="oc-1dd">
         <name>.debug_line</name>
         <load_address>0x1af0</load_address>
         <run_address>0x1af0</run_address>
         <size>0x75</size>
         <input_file_ref idref="fl-8"/>
      </object_component>
      <object_component id="oc-263">
         <name>.debug_line</name>
         <load_address>0x1b65</load_address>
         <run_address>0x1b65</run_address>
         <size>0x45</size>
         <input_file_ref idref="fl-9"/>
      </object_component>
      <object_component id="oc-286">
         <name>.debug_line</name>
         <load_address>0x1baa</load_address>
         <run_address>0x1baa</run_address>
         <size>0x1f1</size>
         <input_file_ref idref="fl-a"/>
      </object_component>
      <object_component id="oc-b6">
         <name>.debug_line</name>
         <load_address>0x1d9b</load_address>
         <run_address>0x1d9b</run_address>
         <size>0x370</size>
         <input_file_ref idref="fl-a"/>
      </object_component>
      <object_component id="oc-19b">
         <name>.debug_line</name>
         <load_address>0x210b</load_address>
         <run_address>0x210b</run_address>
         <size>0x6b</size>
         <input_file_ref idref="fl-a"/>
      </object_component>
      <object_component id="oc-230">
         <name>.debug_line</name>
         <load_address>0x2176</load_address>
         <run_address>0x2176</run_address>
         <size>0x7c</size>
         <input_file_ref idref="fl-a"/>
      </object_component>
      <object_component id="oc-28a">
         <name>.debug_line</name>
         <load_address>0x21f2</load_address>
         <run_address>0x21f2</run_address>
         <size>0x45</size>
         <input_file_ref idref="fl-a"/>
      </object_component>
      <object_component id="oc-18e">
         <name>.debug_line</name>
[...]
      </symbol>
      <symbol id="sm-60c">
         <name>xTaskGenericNotify</name>
         <value>0x1aed</value>
         <object_component_ref idref="oc-85"/>
      </symbol>
      <symbol id="sm-60d">
         <name>vTaskPriorityDisinheritAfterTimeout</name>
         <value>0x17c9</value>
         <object_component_ref idref="oc-85"/>
      </symbol>
      <symbol id="sm-60e">
         <name>xTaskCreate</name>
         <value>0x26d</value>
         <object_component_ref idref="oc-85"/>
      </symbol>
      <symbol id="sm-60f">
         <name>xTaskGetApplicationTaskTagFromISR</name>
         <value>0xcb1</value>
         <object_component_ref idref="oc-85"/>
      </symbol>
      <symbol id="sm-610">
         <name>xTaskDelayUntil</name>
         <value>0x4d5</value>
         <object_component_ref idref="oc-85"/>
      </symbol>
      <symbol id="sm-611">
         <name>uxTaskGetTaskNumber</name>
         <value>0x12fd</value>
         <object_component_ref idref="oc-85"/>
      </symbol>
      <symbol id="sm-612">
         <name>vTaskEndScheduler</name>
         <value>0x721</value>
         <object_component_ref idref="oc-85"/>
      </symbol>
      <symbol id="sm-613">
         <name>vTaskMissedYield</name>
         <value>0x12f1</value>
         <object_component_ref idref="oc-85"/>
      </symbol>
      <symbol id="sm-614">
         <name>uxTaskGetNumberOfTasks</name>
         <value>0x921</value>
         <object_component_ref idref="oc-85"/>
      </symbol>
      <symbol id="sm-615">
         <name>xTaskCatchUpTicks</name>
         <value>0xa25</value>
         <object_component_ref idref="oc-85"/>
      </symbol>
      <symbol id="sm-616">
         <name>xTaskGenericNotifyFromISR</name>
         <value>0x1cd9</value>
         <object_component_ref idref="oc-85"/>
      </symbol>
      <symbol id="sm-617">
         <name>vTaskGetInfo</name>
         <value>0x13b3</value>
         <object_component_ref idref="oc-85"/>
      </symbol>
      <symbol id="sm-618">
         <name>xTaskResumeAll</name>
         <value>0x751</value>
         <object_component_ref idref="oc-85"/>
      </symbol>
      <symbol id="sm-619">
         <name>vTaskSetApplicationTaskTag</name>
         <value>0xc5b</value>
         <object_component_ref idref="oc-85"/>
      </symbol>
      <symbol id="sm-61a">
         <name>xTaskGetTickCount</name>
         <value>0x8f9</value>
         <object_component_ref idref="oc-85"/>
      </symbol>
      <symbol id="sm-61b">
         <name>ulTaskGenericNotifyTake</name>
         <value>0x194d</value>
         <object_component_ref idref="oc-85"/>
      </symbol>
      <symbol id="sm-61c">
         <name>uxTaskGetSystemState</name>
         <value>0x97d</value>
         <object_component_ref idref="oc-85"/>
      </symbol>
      <symbol id="sm-61d">
         <name>xTaskGetApplicationTaskTag</name>
         <value>0xc89</value>
         <object_component_ref idref="oc-85"/>
      </symbol>
      <symbol id="sm-61e">
         <name>xTaskCallApplicationTaskHook</name>
         <value>0xceb</value>
         <object_component_ref idref="oc-85"/>
      </symbol>
      <symbol id="sm-61f">
         <name>ulTaskGenericNotifyValueClear</name>
         <value>0x2145</value>
         <object_component_ref idref="oc-85"/>
      </symbol>
      <symbol id="sm-620">
         <name>xTaskGenericNotifyWait</name>
         <value>0x1a05</value>
         <object_component_ref idref="oc-85"/>
      </symbol>
      <symbol id="sm-621">
         <name>pxCurrentTCB</name>
         <value>0x20001574</value>
         <object_component_ref idref="oc-7f"/>
      </symbol>
      <symbol id="sm-622">
         <name>eTaskGetState</name>
         <value>0x601</value>
         <object_component_ref idref="oc-85"/>
      </symbol>
      <symbol id="sm-623">
         <name>xTaskGetTickCountFromISR</name>
         <value>0x90d</value>
         <object_component_ref idref="oc-85"/>
      </symbol>
      <symbol id="sm-624">
         <name>uxTopUsedPriority</name>
         <value>0x63d4</value>
         <object_component_ref idref="oc-138"/>
      </symbol>
      <symbol id="sm-625">
         <name>vTaskPlaceOnEventListRestricted</name>
         <value>0xed5</value>
         <object_component_ref idref="oc-85"/>
      </symbol>
      <symbol id="sm-626">
         <name>vTaskSetTimeOutState</name>
         <value>0x11fb</value>
         <object_component_ref idref="oc-85"/>
      </symbol>
      <symbol id="sm-627">
         <name>xTaskIncrementTick</name>
         <value>0xa81</value>
         <object_component_ref idref="oc-85"/>
      </symbol>
      <symbol id="sm-628">
         <name>vTaskSwitchContext</name>
         <value>0xd2d</value>
         <object_component_ref idref="oc-85"/>
      </symbol>
      <symbol id="sm-629">
         <name>uxTaskResetEventItemValue</name>
         <value>0x1913</value>
         <object_component_ref idref="oc-85"/>
      </symbol>
      <symbol id="sm-62a">
         <name>xTaskGetSchedulerState</name>
         <value>0x1561</value>
         <object_component_ref idref="oc-85"/>
      </symbol>
      <symbol id="sm-62b">
         <name>xTaskGetCurrentTaskHandle</name>
         <value>0x1551</value>
         <object_component_ref idref="oc-85"/>
      </symbol>
      <symbol id="sm-62c">
         <name>vTaskPlaceOnUnorderedEventList</name>
         <value>0xe35</value>
         <object_component_ref idref="oc-85"/>
      </symbol>
      <symbol id="sm-62d">
         <name>xTaskRemoveFromEventList</name>
         <value>0xf55</value>
         <object_component_ref idref="oc-85"/>
      </symbol>
      <symbol id="sm-62e">
         <name>xTaskPriorityInherit</name>
         <value>0x15a5</value>
         <object_component_ref idref="oc-85"/>
      </symbol>
      <symbol id="sm-6f7">
         <name>vTimerSetTimerNumber</name>
         <value>0x4341</value>
         <object_component_ref idref="oc-128"/>
      </symbol>
      <symbol id="sm-6f8">
         <name>xTimerGetTimerDaemonTaskHandle</name>
         <value>0x3ce9</value>
         <object_component_ref idref="oc-128"/>
      </symbol>
      <symbol id="sm-6f9">
         <name>pcTimerGetName</name>
         <value>0x3df1</value>
         <object_component_ref idref="oc-128"/>
      </symbol>
      <symbol id="sm-6fa">
         <name>xTimerCreateTimerTask</name>
         <value>0x3b8d</value>
         <object_component_ref idref="oc-128"/>
      </symbol>
      <symbol id="sm-6fb">
         <name>xTimerGetExpiryTime</name>
         <value>0x3dc3</value>
         <object_component_ref idref="oc-128"/>
      </symbol>
      <symbol id="sm-6fc">
         <name>uxTimerGetTimerNumber</name>
         <value>0x4333</value>
         <object_component_ref idref="oc-128"/>
      </symbol>
      <symbol id="sm-6fd">
         <name>xTimerIsTimerActive</name>
         <value>0x4219</value>
         <object_component_ref idref="oc-128"/>
      </symbol>
      <symbol id="sm-6fe">
         <name>xTimerGetPeriod</name>
         <value>0x3d0b</value>
         <object_component_ref idref="oc-128"/>
      </symbol>
      <symbol id="sm-6ff">
         <name>xTimerGetReloadMode</name>
         <value>0x3d7b</value>
         <object_component_ref idref="oc-128"/>
      </symbol>
      <symbol id="sm-700">
         <name>xTimerCreate</name>
         <value>0x3bcb</value>
         <object_component_ref idref="oc-128"/>
      </symbol>
      <symbol id="sm-701">
         <name>vTimerSetReloadMode</name>
         <value>0x3d31</value>
         <object_component_ref idref="oc-128"/>
      </symbol>
      <symbol id="sm-702">
         <name>xTimerGenericCommand</name>
         <value>0x3c69</value>
         <object_component_ref idref="oc-128"/>
      </symbol>
      <symbol id="sm-703">
         <name>uxTimerGetReloadMode</name>
         <value>0x3db7</value>
         <object_component_ref idref="oc-128"/>
      </symbol>
      <symbol id="sm-704">
         <name>pvTimerGetTimerID</name>
         <value>0x4255</value>
         <object_component_ref idref="oc-128"/>
      </symbol>
      <symbol id="sm-705">
         <name>xTimerPendFunctionCallFromISR</name>
         <value>0x42b1</value>
         <object_component_ref idref="oc-128"/>
      </symbol>
      <symbol id="sm-706">
         <name>xTimerPendFunctionCall</name>
         <value>0x42e7</value>
         <object_component_ref idref="oc-128"/>
      </symbol>
      <symbol id="sm-707">
         <name>vTimerSetTimerID</name>
         <value>0x4283</value>
         <object_component_ref idref="oc-128"/>
      </symbol>
      <symbol id="sm-757">
         <name>ulMaxSyscallInterruptPriority</name>
         <value>0x639c</value>
         <object_component_ref idref="oc-82"/>
      </symbol>
      <symbol id="sm-758">
         <name>vPortSetupTimerInterrupt</name>
         <value>0x54c1</value>
         <object_component_ref idref="oc-32"/>
      </symbol>
      <symbol id="sm-759">
         <name>vPortEndScheduler</name>
         <value>0x5409</value>
         <object_component_ref idref="oc-32"/>
      </symbol>
      <symbol id="sm-75a">
         <name>xPortSysTickHandler</name>
         <value>0x549b</value>
         <object_component_ref idref="oc-32"/>
      </symbol>
      <symbol id="sm-75b">
         <name>vPortValidateInterruptPriority</name>
         <value>0x54dd</value>
         <object_component_ref idref="oc-32"/>
      </symbol>
      <symbol id="sm-75c">
         <name>pxPortInitialiseStack</name>
         <value>0x52c5</value>
         <object_component_ref idref="oc-32"/>
      </symbol>
      <symbol id="sm-75d">
         <name>vPortExitCritical</name>
         <value>0x546f</value>
         <object_component_ref idref="oc-32"/>
      </symbol>
      <symbol id="sm-75e">
         <name>xPortStartScheduler</name>
         <value>0x5351</value>
         <object_component_ref idref="oc-32"/>
      </symbol>
      <symbol id="sm-75f">
         <name>vPortEnterCritical</name>
         <value>0x542d</value>
         <object_component_ref idref="oc-32"/>
      </symbol>
      <symbol id="sm-76e">
         <name>vPortStartFirstTask</name>
         <value>0x5c9d</value>
         <object_component_ref idref="oc-2d"/>
      </symbol>
      <symbol id="sm-76f">
         <name>ulPortGetIPSR</name>
         <value>0x5c05</value>
         <object_component_ref idref="oc-2d"/>
      </symbol>
      <symbol id="sm-770">
         <name>vPortEnableVFP</name>
         <value>0x5cc1</value>
         <object_component_ref idref="oc-2d"/>
      </symbol>
      <symbol id="sm-771">
         <name>xPortPendSVHandler</name>
         <value>0x5c1d</value>
         <object_component_ref idref="oc-2d"/>
      </symbol>
      <symbol id="sm-772">
         <name>vPortSVCHandler</name>
         <value>0x5c7d</value>
         <object_component_ref idref="oc-2d"/>
      </symbol>
      <symbol id="sm-79c">
         <name>vPortInitialiseBlocks</name>
         <value>0x5e51</value>
         <object_component_ref idref="oc-119"/>
      </symbol>
      <symbol id="sm-79d">
         <name>xPortGetFreeHeapSize</name>
         <value>0x5e59</value>
         <object_component_ref idref="oc-119"/>
      </symbol>
      <symbol id="sm-79e">
         <name>pvPortMalloc</name>
         <value>0x5da1</value>
         <object_component_ref idref="oc-119"/>
      </symbol>
      <symbol id="sm-79f">
         <name>vPortFree</name>
         <value>0x5e2d</value>
         <object_component_ref idref="oc-119"/>
      </symbol>
      <symbol id="sm-7ce">
         <name>Button_Init</name>
         <value>0x5cd1</value>
         <object_component_ref idref="oc-a0"/>
      </symbol>
      <symbol id="sm-7cf">
         <name>g_Button_Config</name>
         <value>0x200011b4</value>
         <object_component_ref idref="oc-16f"/>
      </symbol>
      <symbol id="sm-7e3">
         <name>Led_Init</name>
         <value>0x6239</value>
         <object_component_ref idref="oc-a6"/>
      </symbol>
      <symbol id="sm-7e4">
         <name>Led_SetOn</name>
         <value>0x6243</value>
         <object_component_ref idref="oc-a6"/>
      </symbol>
      <symbol id="sm-7e5">
         <name>Led_SetOff</name>
         <value>0x6261</value>
         <object_component_ref idref="oc-a6"/>
      </symbol>
      <symbol id="sm-7e6">
         <name>g_LED_Config</name>
         <value>0x200012f4</value>
         <object_component_ref idref="oc-179"/>
      </symbol>
      <symbol id="sm-7fa">
         <name>g_POT_Config</name>
         <value>0x20001434</value>
         <object_component_ref idref="oc-183"/>
      </symbol>
      <symbol id="sm-7fb">
         <name>POT_Init</name>
         <value>0x62c9</value>
         <object_component_ref idref="oc-ac"/>
      </symbol>
      <symbol id="sm-7fc">
         <name>POT_Read</name>
         <value>0x62dd</value>
         <object_component_ref idref="oc-ac"/>
      </symbol>
      <symbol id="sm-81e">
         <name>ADC_Init</name>
         <value>0x5b15</value>
         <object_component_ref idref="oc-17d"/>
      </symbol>
      <symbol id="sm-81f">
         <name>ADC_Read</name>
         <value>0x5b63</value>
         <object_component_ref idref="oc-17d"/>
      </symbol>
      <symbol id="sm-867">
         <name>Dio_WriteChannel</name>
         <value>0x4fdd</value>
         <object_component_ref idref="oc-173"/>
      </symbol>
      <symbol id="sm-868">
         <name>Dio_FlipChannel</name>
         <value>0x5197</value>
         <object_component_ref idref="oc-173"/>
      </symbol>
      <symbol id="sm-869">
         <name>Dio_Init</name>
         <value>0x4fb9</value>
         <object_component_ref idref="oc-173"/>
      </symbol>
      <symbol id="sm-86a">
         <name>Dio_ReadChannel</name>
         <value>0x50bd</value>
         <object_component_ref idref="oc-173"/>
      </symbol>
      <symbol id="sm-875">
         <name>Dio_Configuration</name>
         <value>0x6384</value>
         <object_component_ref idref="oc-186"/>
      </symbol>
      <symbol id="sm-887">
         <name>GPTM_WTimer0Init</name>
         <value>0x61e5</value>
         <object_component_ref idref="oc-12e"/>
      </symbol>
      <symbol id="sm-888">
         <name>GPTM_WTimer0Read</name>
         <value>0x6215</value>
         <object_component_ref idref="oc-12e"/>
      </symbol>
      <symbol id="sm-905">
         <name>Port_Init</name>
         <value>0x3279</value>
         <object_component_ref idref="oc-169"/>
      </symbol>
      <symbol id="sm-906">
         <name>Port_SetPinDirection</name>
         <value>0x36e1</value>
         <object_component_ref idref="oc-169"/>
      </symbol>
      <symbol id="sm-907">
         <name>Port_SetPinMode</name>
         <value>0x390f</value>
         <object_component_ref idref="oc-169"/>
      </symbol>
      <symbol id="sm-908">
         <name>Port_RefreshPortDirection</name>
         <value>0x37ef</value>
         <object_component_ref idref="oc-169"/>
      </symbol>
      <symbol id="sm-937">
         <name>UART0_SendInteger</name>
         <value>0x5909</value>
         <object_component_ref idref="oc-30d"/>
      </symbol>
      <symbol id="sm-938">
         <name>UART0_ReceiveByte</name>
         <value>0x58d3</value>
         <object_component_ref idref="oc-30d"/>
      </symbol>
      <symbol id="sm-939">
         <name>UART0_SendByte</name>
         <value>0x58b7</value>
         <object_component_ref idref="oc-30d"/>
      </symbol>
      <symbol id="sm-93a">
         <name>UART0_Init</name>
         <value>0x5877</value>
         <object_component_ref idref="oc-30d"/>
      </symbol>
      <symbol id="sm-93b">
         <name>UART0_SendString</name>
         <value>0x58e3</value>
         <object_component_ref idref="oc-30d"/>
      </symbol>
      <symbol id="sm-956">
         <name>memcpy</name>
         <value>0x5e71</value>
         <object_component_ref idref="oc-4c"/>
      </symbol>
      <symbol id="sm-957">
         <name>__aeabi_memcpy</name>
         <value>0x5e71</value>
         <object_component_ref idref="oc-4c"/>
      </symbol>
      <symbol id="sm-958">
         <name>__aeabi_memcpy8</name>
         <value>0x5e71</value>
         <object_component_ref idref="oc-4c"/>
      </symbol>
      <symbol id="sm-959">
         <name>__aeabi_memcpy4</name>
         <value>0x5e71</value>
         <object_component_ref idref="oc-4c"/>
      </symbol>
      <symbol id="sm-968">
         <name>__aeabi_memset</name>
         <value>0x6023</value>
         <object_component_ref idref="oc-f1"/>
      </symbol>
      <symbol id="sm-969">
         <name>memset</name>
         <value>0x6029</value>
         <object_component_ref idref="oc-f1"/>
      </symbol>
      <symbol id="sm-96a">
         <name>__aeabi_memset8</name>
         <value>0x6023</value>
         <object_component_ref idref="oc-f1"/>
      </symbol>
      <symbol id="sm-96b">
         <name>__aeabi_memset4</name>
         <value>0x6023</value>
         <object_component_ref idref="oc-f1"/>
      </symbol>
      <symbol id="sm-96c">
         <name>__aeabi_memclr8</name>
         <value>0x6021</value>
         <object_component_ref idref="oc-f1"/>
      </symbol>
      <symbol id="sm-96d">
         <name>__aeabi_memclr4</name>
         <value>0x6021</value>
         <object_component_ref idref="oc-f1"/>
      </symbol>
      <symbol id="sm-96e">
         <name>__aeabi_memclr</name>
         <value>0x6021</value>
         <object_component_ref idref="oc-f1"/>
      </symbol>
      <symbol id="sm-97c">
         <name>__aeabi_ldivmod</name>
         <value>0x610d</value>
         <object_component_ref idref="oc-34d"/>
      </symbol>
      <symbol id="sm-989">
         <name>__aeabi_uldivmod</name>
         <value>0x5f0d</value>
         <object_component_ref idref="oc-36b"/>
      </symbol>
      <symbol id="sm-9a0">
         <name>__TI_zero_init</name>
         <value>0x635d</value>
         <object_component_ref idref="oc-5e"/>
      </symbol>
      <symbol id="sm-9b7">
         <name>__TI_decompress_none</name>
         <value>0x634f</value>
         <object_component_ref idref="oc-1b"/>
      </symbol>
      <symbol id="sm-9da">
         <name>__TI_decompress_lzss</name>
         <value>0x617b</value>
         <object_component_ref idref="oc-15"/>
      </symbol>
      <symbol id="sm-9ed">
         <name>__stack</name>
         <value>0x200015e8</value>
         <object_component_ref idref="oc-24"/>
      </symbol>
      <symbol id="sm-9ee">
         <name>_c_int00_noargs</name>
         <value>0x6305</value>
         <object_component_ref idref="oc-6a"/>
      </symbol>
      <symbol id="sm-9f8">
         <name>__aeabi_idiv0</name>
         <value>0x3277</value>
         <object_component_ref idref="oc-366"/>
      </symbol>
      <symbol id="sm-9f9">
         <name>__aeabi_ldiv0</name>
         <value>0x3277</value>
         <object_component_ref idref="oc-366"/>
      </symbol>
      <symbol id="sm-a21">
         <name>__TI_auto_init_nobinit_nopinit</name>
         <value>0x6285</value>
         <object_component_ref idref="oc-1ef"/>
      </symbol>
      <symbol id="sm-a2b">
         <name>_system_pre_init</name>
         <value>0x637d</value>
         <object_component_ref idref="oc-f7"/>
      </symbol>
      <symbol id="sm-a37">
         <name>C$$EXIT</name>
         <value>0x6381</value>
         <object_component_ref idref="oc-1e3"/>
      </symbol>
      <symbol id="sm-a38">
         <name>abort</name>
         <value>0x6381</value>
         <object_component_ref idref="oc-1e3"/>
      </symbol>
      <symbol id="sm-a3b">
         <name>__TI_static_base__</name>
         <value>0x0</value>
      </symbol>
      <symbol id="sm-a3e">
         <name>__mpu_init</name>
         <value>0x0</value>
      </symbol>
      <symbol id="sm-a3f">
         <name>_system_post_cinit</name>
         <value>0x0</value>
      </symbol>
   </symbol_table>
   <title>Link successful</title>
</link_info>
