<?xml version="1.0" encoding="ISO-8859-1" ?>
<link_info>
   <banner>TI ARM Linker PC v20.2.7.LTS</banner>
   <copyright>Copyright (c) 1996-2018 Texas Instruments Incorporated</copyright>
   <link_time>0x672d52a6</link_time>
   <link_errors>0x0</link_errors>
   <output_file>Vehicle_Seats_Heater_Control_System.out</output_file>
   <entry_point>
      <name>_c_int00_noargs</name>
      <address>0x600d</address>
   </entry_point>
   <input_file_list>
      <input_file id="fl-2">
         <path>.\</path>
         <kind>object</kind>
         <file>main.obj</file>
         <name>main.obj</name>
      </input_file>
      <input_file id="fl-3">
         <path>.\</path>
         <kind>object</kind>
         <file>tm4c123gh6pm_startup_ccs.obj</file>
         <name>tm4c123gh6pm_startup_ccs.obj</name>
      </input_file>
      <input_file id="fl-4">
         <path>.\FreeRTOS\Source\</path>
         <kind>object</kind>
         <file>event_groups.obj</file>
         <name>event_groups.obj</name>
      </input_file>
      <input_file id="fl-5">
         <path>.\FreeRTOS\Source\</path>
         <kind>object</kind>
         <file>list.obj</file>
         <name>list.obj</name>
      </input_file>
      <input_file id="fl-6">
         <path>.\FreeRTOS\Source\</path>
         <kind>object</kind>
         <file>queue.obj</file>
         <name>queue.obj</name>
      </input_file>
      <input_file id="fl-7">
         <path>.\FreeRTOS\Source\</path>
         <kind>object</kind>
         <file>tasks.obj</file>
         <name>tasks.obj</name>
      </input_file>
      <input_file id="fl-8">
         <path>.\FreeRTOS\Source\</path>
         <kind>object</kind>
         <file>timers.obj</file>
         <name>timers.obj</name>
      </input_file>
      <input_file id="fl-9">
         <path>.\FreeRTOS\Source\portable\CCS\ARM_CM4F\</path>
         <kind>object</kind>
         <file>port.obj</file>
         <name>port.obj</name>
      </input_file>
      <input_file id="fl-a">
         <path>.\FreeRTOS\Source\portable\CCS\ARM_CM4F\</path>
         <kind>object</kind>
         <file>portasm.obj</file>
         <name>portasm.obj</name>
      </input_file>
      <input_file id="fl-b">
         <path>.\FreeRTOS\Source\portable\MemMang\</path>
         <kind>object</kind>
         <file>heap_1.obj</file>
         <name>heap_1.obj</name>
      </input_file>
      <input_file id="fl-c">
         <path>.\HAL\Button\</path>
         <kind>object</kind>
         <file>Button.obj</file>
         <name>Button.obj</name>
      </input_file>
      <input_file id="fl-d">
         <path>.\HAL\LEDs\</path>
         <kind>object</kind>
         <file>Led.obj</file>
         <name>Led.obj</name>
      </input_file>
      <input_file id="fl-e">
         <path>.\HAL\Potentiometer\</path>
         <kind>object</kind>
         <file>POT.obj</file>
         <name>POT.obj</name>
      </input_file>
      <input_file id="fl-f">
         <path>.\MCAL\ADC\</path>
         <kind>object</kind>
         <file>ADC.obj</file>
         <name>ADC.obj</name>
      </input_file>
      <input_file id="fl-10">
         <path>.\MCAL\AUTOSAR_DIO_PORT\</path>
         <kind>object</kind>
         <file>Det.obj</file>
         <name>Det.obj</name>
      </input_file>
      <input_file id="fl-11">
         <path>.\MCAL\AUTOSAR_DIO_PORT\</path>
         <kind>object</kind>
         <file>Dio.obj</file>
         <name>Dio.obj</name>
      </input_file>
      <input_file id="fl-12">
         <path>.\MCAL\AUTOSAR_DIO_PORT\</path>
         <kind>object</kind>
         <file>Dio_PBcfg.obj</file>
         <name>Dio_PBcfg.obj</name>
      </input_file>
      <input_file id="fl-13">
         <path>.\MCAL\AUTOSAR_DIO_PORT\</path>
         <kind>object</kind>
         <file>Gpt.obj</file>
         <name>Gpt.obj</name>
      </input_file>
      <input_file id="fl-14">
         <path>.\MCAL\AUTOSAR_DIO_PORT\</path>
         <kind>object</kind>
         <file>Mcu.obj</file>
         <name>Mcu.obj</name>
      </input_file>
      <input_file id="fl-15">
         <path>.\MCAL\AUTOSAR_DIO_PORT\</path>
         <kind>object</kind>
         <file>Port.obj</file>
         <name>Port.obj</name>
      </input_file>
      <input_file id="fl-16">
         <path>.\MCAL\AUTOSAR_DIO_PORT\</path>
         <kind>object</kind>
         <file>Port_PBcfg.obj</file>
         <name>Port_PBcfg.obj</name>
      </input_file>
      <input_file id="fl-17">
         <path>.\MCAL\GPTM\</path>
         <kind>object</kind>
         <file>GPTM.obj</file>
         <name>GPTM.obj</name>
      </input_file>
      <input_file id="fl-18">
         <path>.\MCAL\UART\</path>
         <kind>object</kind>
         <file>uart0.obj</file>
         <name>uart0.obj</name>
      </input_file>
      <input_file id="fl-19">
         <path>.\System_Control\</path>
         <kind>object</kind>
         <file>System_Control.obj</file>
         <name>System_Control.obj</name>
      </input_file>
      <input_file id="fl-1a">
         <path>.\System_Diagnostics\</path>
         <kind>object</kind>
         <file>System_Diagnostics.obj</file>
         <name>System_Diagnostics.obj</name>
      </input_file>
      <input_file id="fl-1b">
         <path>.\System_Display\</path>
         <kind>object</kind>
         <file>System_Display.obj</file>
         <name>System_Display.obj</name>
      </input_file>
      <input_file id="fl-1c">
         <path>.\System_Measurements\</path>
         <kind>object</kind>
         <file>System_Measurements.obj</file>
         <name>System_Measurements.obj</name>
      </input_file>
      <input_file id="fl-1d">
         <path>.\System_Setup\</path>
         <kind>object</kind>
         <file>System_Setup.obj</file>
         <name>System_Setup.obj</name>
      </input_file>
      <input_file id="fl-21">
         <kind>object</kind>
         <file>&lt;internal&gt;</file>
         <name>&lt;internal&gt;</name>
      </input_file>
      <input_file id="fl-d7">
         <path>C:\ti\ccs1271\ccs\tools\compiler\ti-cgt-arm_20.2.7.LTS\lib\</path>
         <kind>archive</kind>
         <file>rtsv7M4_T_le_v4SPD16_eabi.lib</file>
         <name>memcpy_t2.asm.obj</name>
      </input_file>
      <input_file id="fl-d8">
         <path>C:\ti\ccs1271\ccs\tools\compiler\ti-cgt-arm_20.2.7.LTS\lib\</path>
         <kind>archive</kind>
         <file>rtsv7M4_T_le_v4SPD16_eabi.lib</file>
         <name>memset_t2.asm.obj</name>
      </input_file>
      <input_file id="fl-d9">
         <path>C:\ti\ccs1271\ccs\tools\compiler\ti-cgt-arm_20.2.7.LTS\lib\</path>
         <kind>archive</kind>
         <file>rtsv7M4_T_le_v4SPD16_eabi.lib</file>
         <name>i_divt2.asm.obj</name>
      </input_file>
      <input_file id="fl-da">
         <path>C:\ti\ccs1271\ccs\tools\compiler\ti-cgt-arm_20.2.7.LTS\lib\</path>
         <kind>archive</kind>
         <file>rtsv7M4_T_le_v4SPD16_eabi.lib</file>
         <name>ll_div_t2.asm.obj</name>
      </input_file>
      <input_file id="fl-db">
         <path>C:\ti\ccs1271\ccs\tools\compiler\ti-cgt-arm_20.2.7.LTS\lib\</path>
         <kind>archive</kind>
         <file>rtsv7M4_T_le_v4SPD16_eabi.lib</file>
         <name>ull_div_t2.asm.obj</name>
      </input_file>
      <input_file id="fl-dc">
         <path>C:\ti\ccs1271\ccs\tools\compiler\ti-cgt-arm_20.2.7.LTS\lib\</path>
         <kind>archive</kind>
         <file>rtsv7M4_T_le_v4SPD16_eabi.lib</file>
         <name>copy_zero_init.c.obj</name>
      </input_file>
      <input_file id="fl-dd">
         <path>C:\ti\ccs1271\ccs\tools\compiler\ti-cgt-arm_20.2.7.LTS\lib\</path>
         <kind>archive</kind>
         <file>rtsv7M4_T_le_v4SPD16_eabi.lib</file>
         <name>copy_decompress_none.c.obj</name>
      </input_file>
      <input_file id="fl-de">
         <path>C:\ti\ccs1271\ccs\tools\compiler\ti-cgt-arm_20.2.7.LTS\lib\</path>
         <kind>archive</kind>
         <file>rtsv7M4_T_le_v4SPD16_eabi.lib</file>
         <name>copy_decompress_lzss.c.obj</name>
      </input_file>
      <input_file id="fl-df">
         <path>C:\ti\ccs1271\ccs\tools\compiler\ti-cgt-arm_20.2.7.LTS\lib\</path>
         <kind>archive</kind>
         <file>rtsv7M4_T_le_v4SPD16_eabi.lib</file>
         <name>rand.c.obj</name>
      </input_file>
      <input_file id="fl-e0">
         <path>C:\ti\ccs1271\ccs\tools\compiler\ti-cgt-arm_20.2.7.LTS\lib\</path>
         <kind>archive</kind>
         <file>rtsv7M4_T_le_v4SPD16_eabi.lib</file>
         <name>boot_cortex_m.c.obj</name>
      </input_file>
      <input_file id="fl-e1">
         <path>C:\ti\ccs1271\ccs\tools\compiler\ti-cgt-arm_20.2.7.LTS\lib\</path>
         <kind>archive</kind>
         <file>rtsv7M4_T_le_v4SPD16_eabi.lib</file>
         <name>div0.asm.obj</name>
      </input_file>
      <input_file id="fl-e2">
         <path>C:\ti\ccs1271\ccs\tools\compiler\ti-cgt-arm_20.2.7.LTS\lib\</path>
         <kind>archive</kind>
         <file>rtsv7M4_T_le_v4SPD16_eabi.lib</file>
         <name>autoinit.c.obj</name>
      </input_file>
      <input_file id="fl-e3">
         <path>C:\ti\ccs1271\ccs\tools\compiler\ti-cgt-arm_20.2.7.LTS\lib\</path>
         <kind>archive</kind>
         <file>rtsv7M4_T_le_v4SPD16_eabi.lib</file>
         <name>pre_init.c.obj</name>
      </input_file>
      <input_file id="fl-e4">
         <path>C:\ti\ccs1271\ccs\tools\compiler\ti-cgt-arm_20.2.7.LTS\lib\</path>
         <kind>archive</kind>
         <file>rtsv7M4_T_le_v4SPD16_eabi.lib</file>
         <name>cpy_tbl.c.obj</name>
      </input_file>
      <input_file id="fl-e5">
         <path>C:\ti\ccs1271\ccs\tools\compiler\ti-cgt-arm_20.2.7.LTS\lib\</path>
         <kind>archive</kind>
         <file>rtsv7M4_T_le_v4SPD16_eabi.lib</file>
         <name>exit.c.obj</name>
      </input_file>
      <input_file id="fl-e6">
         <path>C:\ti\ccs1271\ccs\tools\compiler\ti-cgt-arm_20.2.7.LTS\lib\</path>
         <kind>archive</kind>
         <file>rtsv7M4_T_le_v4SPD16_eabi.lib</file>
         <name>_lock.c.obj</name>
      </input_file>
      <input_file id="fl-e7">
         <path>C:\ti\ccs1271\ccs\tools\compiler\ti-cgt-arm_20.2.7.LTS\lib\</path>
         <kind>archive</kind>
         <file>rtsv7M4_T_le_v4SPD16_eabi.lib</file>
         <name>args_main.c.obj</name>
      </input_file>
   </input_file_list>
   <object_component_list>
      <object_component id="oc-12">
         <name>.intvecs</name>
         <load_address>0x0</load_address>
         <run_address>0x0</run_address>
         <size>0x26c</size>
         <input_file_ref idref="fl-3"/>
      </object_component>
      <object_component id="oc-85">
         <name>.text</name>
         <load_address>0x26c</load_address>
         <run_address>0x26c</run_address>
         <size>0x1cf0</size>
         <input_file_ref idref="fl-7"/>
      </object_component>
      <object_component id="oc-be">
         <name>.text</name>
         <load_address>0x1f5c</load_address>
         <run_address>0x1f5c</run_address>
         <size>0x100e</size>
         <input_file_ref idref="fl-6"/>
      </object_component>
      <object_component id="oc-336">
         <name>.text:_nop</name>
         <load_address>0x2f6a</load_address>
         <run_address>0x2f6a</run_address>
         <size>0x2</size>
         <input_file_ref idref="fl-e6"/>
      </object_component>
      <object_component id="oc-169">
         <name>.text</name>
         <load_address>0x2f6c</load_address>
         <run_address>0x2f6c</run_address>
         <size>0x914</size>
         <input_file_ref idref="fl-15"/>
      </object_component>
      <object_component id="oc-b2">
         <name>.text</name>
         <load_address>0x3880</load_address>
         <run_address>0x3880</run_address>
         <size>0x7bc</size>
         <input_file_ref idref="fl-8"/>
      </object_component>
      <object_component id="oc-b8">
         <name>.text</name>
         <load_address>0x403c</load_address>
         <run_address>0x403c</run_address>
         <size>0x4fe</size>
         <input_file_ref idref="fl-4"/>
      </object_component>
      <object_component id="oc-2c0">
         <name>.text</name>
         <load_address>0x453a</load_address>
         <run_address>0x453a</run_address>
         <size>0x2</size>
         <input_file_ref idref="fl-e1"/>
      </object_component>
      <object_component id="oc-38">
         <name>.text</name>
         <load_address>0x453c</load_address>
         <run_address>0x453c</run_address>
         <size>0x3f8</size>
         <input_file_ref idref="fl-19"/>
      </object_component>
      <object_component id="oc-1fa">
         <name>.text</name>
         <load_address>0x4934</load_address>
         <run_address>0x4934</run_address>
         <size>0x3d8</size>
         <input_file_ref idref="fl-1b"/>
      </object_component>
      <object_component id="oc-173">
         <name>.text</name>
         <load_address>0x4d0c</load_address>
         <run_address>0x4d0c</run_address>
         <size>0x30c</size>
         <input_file_ref idref="fl-11"/>
      </object_component>
      <object_component id="oc-32">
         <name>.text</name>
         <load_address>0x5018</load_address>
         <run_address>0x5018</run_address>
         <size>0x2b4</size>
         <input_file_ref idref="fl-9"/>
      </object_component>
      <object_component id="oc-103">
         <name>.text</name>
         <load_address>0x52cc</load_address>
         <run_address>0x52cc</run_address>
         <size>0x294</size>
         <input_file_ref idref="fl-2"/>
      </object_component>
      <object_component id="oc-2e5">
         <name>.text</name>
         <load_address>0x5560</load_address>
         <run_address>0x5560</run_address>
         <size>0x1c8</size>
         <input_file_ref idref="fl-18"/>
      </object_component>
      <object_component id="oc-125">
         <name>.text</name>
         <load_address>0x5728</load_address>
         <run_address>0x5728</run_address>
         <size>0x12a</size>
         <input_file_ref idref="fl-5"/>
      </object_component>
      <object_component id="oc-a0">
         <name>.text</name>
         <load_address>0x5854</load_address>
         <run_address>0x5854</run_address>
         <size>0xdc</size>
         <input_file_ref idref="fl-c"/>
      </object_component>
      <object_component id="oc-2d">
         <name>.text</name>
         <load_address>0x5930</load_address>
         <run_address>0x5930</run_address>
         <size>0xda</size>
         <input_file_ref idref="fl-a"/>
      </object_component>
      <object_component id="oc-11f">
         <name>.text</name>
         <load_address>0x5a0c</load_address>
         <run_address>0x5a0c</run_address>
         <size>0xd0</size>
         <input_file_ref idref="fl-b"/>
      </object_component>
      <object_component id="oc-4c">
         <name>.text</name>
         <load_address>0x5adc</load_address>
         <run_address>0x5adc</run_address>
         <size>0x9c</size>
         <input_file_ref idref="fl-d7"/>
      </object_component>
      <object_component id="oc-36d">
         <name>.text</name>
         <load_address>0x5b78</load_address>
         <run_address>0x5b78</run_address>
         <size>0x96</size>
         <input_file_ref idref="fl-db"/>
      </object_component>
      <object_component id="oc-17d">
         <name>.text</name>
         <load_address>0x5c10</load_address>
         <run_address>0x5c10</run_address>
         <size>0x80</size>
         <input_file_ref idref="fl-f"/>
      </object_component>
      <object_component id="oc-200">
         <name>.text</name>
         <load_address>0x5c90</load_address>
         <run_address>0x5c90</run_address>
         <size>0x7c</size>
         <input_file_ref idref="fl-1a"/>
      </object_component>
      <object_component id="oc-f7">
         <name>.text</name>
         <load_address>0x5d0c</load_address>
         <run_address>0x5d0c</run_address>
         <size>0x7a</size>
         <input_file_ref idref="fl-d8"/>
      </object_component>
      <object_component id="oc-345">
         <name>.text</name>
         <load_address>0x5d86</load_address>
         <run_address>0x5d86</run_address>
         <size>0x6e</size>
         <input_file_ref idref="fl-da"/>
      </object_component>
      <object_component id="oc-206">
         <name>.text</name>
         <load_address>0x5df4</load_address>
         <run_address>0x5df4</run_address>
         <size>0x6c</size>
         <input_file_ref idref="fl-1c"/>
      </object_component>
      <object_component id="oc-15">
         <name>.text:decompress:lzss:__TI_decompress_lzss</name>
         <load_address>0x5e60</load_address>
         <run_address>0x5e60</run_address>
         <size>0x68</size>
         <input_file_ref idref="fl-de"/>
      </object_component>
      <object_component id="oc-189">
         <name>.text</name>
         <load_address>0x5ec8</load_address>
         <run_address>0x5ec8</run_address>
         <size>0x5e</size>
         <input_file_ref idref="fl-d9"/>
      </object_component>
      <object_component id="oc-12b">
         <name>.text</name>
         <load_address>0x5f28</load_address>
         <run_address>0x5f28</run_address>
         <size>0x54</size>
         <input_file_ref idref="fl-17"/>
      </object_component>
      <object_component id="oc-a6">
         <name>.text</name>
         <load_address>0x5f7c</load_address>
         <run_address>0x5f7c</run_address>
         <size>0x4c</size>
         <input_file_ref idref="fl-d"/>
      </object_component>
      <object_component id="oc-23b">
         <name>.text:__TI_auto_init_nobinit_nopinit:__TI_auto_init_nobinit_nopinit</name>
         <load_address>0x5fc8</load_address>
         <run_address>0x5fc8</run_address>
         <size>0x44</size>
         <input_file_ref idref="fl-e2"/>
      </object_component>
      <object_component id="oc-6a">
         <name>.text:_c_int00_noargs:_c_int00_noargs</name>
         <load_address>0x600c</load_address>
         <run_address>0x600c</run_address>
         <size>0x34</size>
         <input_file_ref idref="fl-e0"/>
      </object_component>
      <object_component id="oc-183">
         <name>.text:rand</name>
         <load_address>0x6040</load_address>
         <run_address>0x6040</run_address>
         <size>0x34</size>
         <input_file_ref idref="fl-df"/>
      </object_component>
      <object_component id="oc-ac">
         <name>.text</name>
         <load_address>0x6074</load_address>
         <run_address>0x6074</run_address>
         <size>0x2c</size>
         <input_file_ref idref="fl-e"/>
      </object_component>
      <object_component id="oc-295">
         <name>.text</name>
         <load_address>0x60a0</load_address>
         <run_address>0x60a0</run_address>
         <size>0x16</size>
         <input_file_ref idref="fl-10"/>
      </object_component>
      <object_component id="oc-1b">
         <name>.text:decompress:none:__TI_decompress_none</name>
         <load_address>0x60b6</load_address>
         <run_address>0x60b6</run_address>
         <size>0xe</size>
         <input_file_ref idref="fl-dd"/>
      </object_component>
      <object_component id="oc-5e">
         <name>.text:decompress:ZI:__TI_zero_init</name>
         <load_address>0x60c4</load_address>
         <run_address>0x60c4</run_address>
         <size>0xc</size>
         <input_file_ref idref="fl-dc"/>
      </object_component>
      <object_component id="oc-27">
         <name>.text</name>
         <load_address>0x60d0</load_address>
         <run_address>0x60d0</run_address>
         <size>0xc</size>
         <input_file_ref idref="fl-3"/>
      </object_component>
      <object_component id="oc-fd">
         <name>.text:_system_pre_init</name>
         <load_address>0x60dc</load_address>
         <run_address>0x60dc</run_address>
         <size>0x4</size>
         <input_file_ref idref="fl-e3"/>
      </object_component>
      <object_component id="oc-22f">
         <name>.text:abort:abort</name>
         <load_address>0x60e0</load_address>
         <run_address>0x60e0</run_address>
         <size>0x4</size>
         <input_file_ref idref="fl-e5"/>
      </object_component>
      <object_component id="oc-191">
         <name>.const:Dio_Configuration</name>
         <load_address>0x60e4</load_address>
         <run_address>0x60e4</run_address>
         <size>0x16</size>
         <input_file_ref idref="fl-12"/>
      </object_component>
      <object_component id="oc-82">
         <name>.const</name>
         <load_address>0x60fc</load_address>
         <run_address>0x60fc</run_address>
         <size>0x8</size>
         <input_file_ref idref="fl-9"/>
      </object_component>
      <object_component id="oc-135">
         <name>.const</name>
         <load_address>0x6104</load_address>
         <run_address>0x6104</run_address>
         <size>0x4</size>
         <input_file_ref idref="fl-7"/>
      </object_component>
      <object_component id="oc-3af">
         <name>.cinit..data.load</name>
         <load_address>0x6108</load_address>
         <run_address>0x6108</run_address>
         <size>0x7a</size>
      </object_component>
      <object_component id="oc-3ad">
         <name>__TI_handler_table</name>
         <load_address>0x6184</load_address>
         <run_address>0x6184</run_address>
         <size>0xc</size>
      </object_component>
      <object_component id="oc-3b0">
         <name>.cinit..bss.load</name>
         <load_address>0x6190</load_address>
         <run_address>0x6190</run_address>
         <size>0x8</size>
      </object_component>
      <object_component id="oc-3ae">
         <name>__TI_cinit_table</name>
         <load_address>0x6198</load_address>
         <run_address>0x6198</run_address>
         <size>0x10</size>
      </object_component>
      <object_component id="oc-7f">
         <name>.data</name>
         <load_address>0x20001564</load_address>
         <run_address>0x20001564</run_address>
         <size>0x30</size>
         <input_file_ref idref="fl-7"/>
      </object_component>
      <object_component id="oc-195">
         <name>.data</name>
         <load_address>0x200015e0</load_address>
         <run_address>0x200015e0</run_address>
         <size>0xc</size>
         <input_file_ref idref="fl-8"/>
      </object_component>
      <object_component id="oc-8c">
         <name>.data</name>
         <load_address>0x200015a4</load_address>
         <run_address>0x200015a4</run_address>
         <size>0xc</size>
         <input_file_ref idref="fl-9"/>
      </object_component>
      <object_component id="oc-27e">
         <name>.data</name>
         <load_address>0x2000161c</load_address>
         <run_address>0x2000161c</run_address>
         <size>0x8</size>
         <input_file_ref idref="fl-b"/>
      </object_component>
      <object_component id="oc-16f">
         <name>.data:g_Button_Config</name>
         <load_address>0x200011a4</load_address>
         <run_address>0x200011a4</run_address>
         <size>0x140</size>
         <input_file_ref idref="fl-c"/>
      </object_component>
      <object_component id="oc-179">
         <name>.data:g_LED_Config</name>
         <load_address>0x200012e4</load_address>
         <run_address>0x200012e4</run_address>
         <size>0x140</size>
         <input_file_ref idref="fl-d"/>
      </object_component>
      <object_component id="oc-18e">
         <name>.data:g_POT_Config</name>
         <load_address>0x20001424</load_address>
         <run_address>0x20001424</run_address>
         <size>0x140</size>
         <input_file_ref idref="fl-e"/>
      </object_component>
      <object_component id="oc-2a7">
         <name>.data</name>
         <load_address>0x2000162c</load_address>
         <run_address>0x2000162c</run_address>
         <size>0x5</size>
         <input_file_ref idref="fl-11"/>
      </object_component>
      <object_component id="oc-29b">
         <name>.data</name>
         <load_address>0x200015f4</load_address>
         <run_address>0x200015f4</run_address>
         <size>0x8</size>
         <input_file_ref idref="fl-15"/>
      </object_component>
      <object_component id="oc-21f">
         <name>.data:DriverSeat_HeatingLevelTaskParameters</name>
         <load_address>0x200015fc</load_address>
         <run_address>0x200015fc</run_address>
         <size>0x8</size>
         <input_file_ref idref="fl-19"/>
      </object_component>
      <object_component id="oc-223">
         <name>.data:PassengerSeat_HeatingLevelTaskParameters</name>
         <load_address>0x2000160c</load_address>
         <run_address>0x2000160c</run_address>
         <size>0x8</size>
         <input_file_ref idref="fl-19"/>
      </object_component>
      <object_component id="oc-217">
         <name>.data:DriverSeat_HeaterIntensityTaskParameters</name>
         <load_address>0x200015b0</load_address>
         <run_address>0x200015b0</run_address>
         <size>0xc</size>
         <input_file_ref idref="fl-19"/>
      </object_component>
      <object_component id="oc-21b">
         <name>.data:PassengerSeat_HeaterIntensityTaskParameters</name>
         <load_address>0x200015c8</load_address>
         <run_address>0x200015c8</run_address>
         <size>0xc</size>
         <input_file_ref idref="fl-19"/>
      </object_component>
      <object_component id="oc-20f">
         <name>.data:DriverSeat_TempreatureTaskParameters</name>
         <load_address>0x200015bc</load_address>
         <run_address>0x200015bc</run_address>
         <size>0xc</size>
         <input_file_ref idref="fl-19"/>
      </object_component>
      <object_component id="oc-213">
         <name>.data:PassengerSeat_TempreatureTaskParameters</name>
         <load_address>0x200015d4</load_address>
         <run_address>0x200015d4</run_address>
         <size>0xc</size>
         <input_file_ref idref="fl-19"/>
      </object_component>
      <object_component id="oc-34c">
         <name>.data:system_diagnostics</name>
         <load_address>0x20001594</load_address>
         <run_address>0x20001594</run_address>
         <size>0x10</size>
         <input_file_ref idref="fl-1a"/>
      </object_component>
      <object_component id="oc-2ed">
         <name>.data</name>
         <load_address>0x20001634</load_address>
         <run_address>0x20001634</run_address>
         <size>0x4</size>
         <input_file_ref idref="fl-1a"/>
      </object_component>
      <object_component id="oc-227">
         <name>.data:DriverSeat_SaveFailureInfoTaskParameters</name>
         <load_address>0x20001604</load_address>
         <run_address>0x20001604</run_address>
         <size>0x8</size>
         <input_file_ref idref="fl-1a"/>
      </object_component>
      <object_component id="oc-22b">
         <name>.data:PassengerSeat_SaveFailureInfoTaskParameters</name>
         <load_address>0x20001614</load_address>
         <run_address>0x20001614</run_address>
         <size>0x8</size>
         <input_file_ref idref="fl-1a"/>
      </object_component>
      <object_component id="oc-1e5">
         <name>.data:system_state</name>
         <load_address>0x20001624</load_address>
         <run_address>0x20001624</run_address>
         <size>0x8</size>
         <input_file_ref idref="fl-1d"/>
      </object_component>
      <object_component id="oc-d2">
         <name>.data</name>
         <load_address>0x20001638</load_address>
         <run_address>0x20001638</run_address>
         <size>0x4</size>
         <input_file_ref idref="fl-1d"/>
      </object_component>
      <object_component id="oc-2bc">
         <name>.data</name>
         <load_address>0x2000163c</load_address>
         <run_address>0x2000163c</run_address>
         <size>0x4</size>
         <input_file_ref idref="fl-df"/>
      </object_component>
      <object_component id="oc-2b9">
         <name>.data:$O1$$</name>
         <load_address>0x200015ec</load_address>
         <run_address>0x200015ec</run_address>
         <size>0x8</size>
         <input_file_ref idref="fl-e6"/>
      </object_component>
      <object_component id="oc-131">
         <name>.bss:pxReadyTasksLists</name>
         <uninitialized>true</uninitialized>
         <run_address>0x20001000</run_address>
         <size>0x78</size>
         <input_file_ref idref="fl-7"/>
      </object_component>
      <object_component id="oc-140">
         <name>.bss:xDelayedTaskList1</name>
         <uninitialized>true</uninitialized>
         <run_address>0x20001124</run_address>
         <size>0x14</size>
         <input_file_ref idref="fl-7"/>
      </object_component>
      <object_component id="oc-143">
         <name>.bss:xDelayedTaskList2</name>
         <uninitialized>true</uninitialized>
         <run_address>0x20001138</run_address>
         <size>0x14</size>
         <input_file_ref idref="fl-7"/>
      </object_component>
      <object_component id="oc-13b">
         <name>.bss</name>
         <uninitialized>true</uninitialized>
         <run_address>0x20001160</run_address>
         <size>0x8</size>
         <input_file_ref idref="fl-7"/>
      </object_component>
      <object_component id="oc-138">
         <name>.bss:xPendingReadyList</name>
         <uninitialized>true</uninitialized>
         <run_address>0x2000114c</run_address>
         <size>0x14</size>
         <input_file_ref idref="fl-7"/>
      </object_component>
      <object_component id="oc-19b">
         <name>.bss:xActiveTimerList1</name>
         <uninitialized>true</uninitialized>
         <run_address>0x200010fc</run_address>
         <size>0x14</size>
         <input_file_ref idref="fl-8"/>
      </object_component>
      <object_component id="oc-19e">
         <name>.bss:xActiveTimerList2</name>
         <uninitialized>true</uninitialized>
         <run_address>0x20001110</run_address>
         <size>0x14</size>
         <input_file_ref idref="fl-8"/>
      </object_component>
      <object_component id="oc-198">
         <name>.bss</name>
         <uninitialized>true</uninitialized>
         <run_address>0x20001168</run_address>
         <size>0x8</size>
         <input_file_ref idref="fl-8"/>
      </object_component>
      <object_component id="oc-281">
         <name>.bss:ucHeap</name>
         <uninitialized>true</uninitialized>
         <run_address>0x20000000</run_address>
         <size>0x1000</size>
         <input_file_ref idref="fl-b"/>
      </object_component>
      <object_component id="oc-2eb">
         <name>.common:CPU_Load</name>
         <uninitialized>true</uninitialized>
         <run_address>0x200011a0</run_address>
         <size>0x1</size>
      </object_component>
      <object_component id="oc-c4">
         <name>.common:SystemControlEventGroup</name>
         <uninitialized>true</uninitialized>
         <run_address>0x20001198</run_address>
         <size>0x4</size>
      </object_component>
      <object_component id="oc-d1">
         <name>.common:xSystemStateMutex</name>
         <uninitialized>true</uninitialized>
         <run_address>0x2000119c</run_address>
         <size>0x4</size>
      </object_component>
      <object_component id="oc-226">
         <name>.common:DrvFailureHandle</name>
         <uninitialized>true</uninitialized>
         <run_address>0x20001178</run_address>
         <size>0x4</size>
      </object_component>
      <object_component id="oc-22a">
         <name>.common:PaxFailureHandle</name>
         <uninitialized>true</uninitialized>
         <run_address>0x20001188</run_address>
         <size>0x4</size>
      </object_component>
      <object_component id="oc-21e">
         <name>.common:DrvHeatingLevelHandle</name>
         <uninitialized>true</uninitialized>
         <run_address>0x20001180</run_address>
         <size>0x4</size>
      </object_component>
      <object_component id="oc-222">
         <name>.common:PaxHeatingLevelHandle</name>
         <uninitialized>true</uninitialized>
         <run_address>0x20001190</run_address>
         <size>0x4</size>
      </object_component>
      <object_component id="oc-216">
         <name>.common:DrvHeaterIntensityHandle</name>
         <uninitialized>true</uninitialized>
         <run_address>0x2000117c</run_address>
         <size>0x4</size>
      </object_component>
      <object_component id="oc-21a">
         <name>.common:PaxHeaterIntensityHandle</name>
         <uninitialized>true</uninitialized>
         <run_address>0x2000118c</run_address>
         <size>0x4</size>
      </object_component>
      <object_component id="oc-20e">
         <name>.common:DrvTempHandle</name>
         <uninitialized>true</uninitialized>
         <run_address>0x20001184</run_address>
         <size>0x4</size>
      </object_component>
      <object_component id="oc-212">
         <name>.common:PaxTempHandle</name>
         <uninitialized>true</uninitialized>
         <run_address>0x20001194</run_address>
         <size>0x4</size>
      </object_component>
      <object_component id="oc-20d">
         <name>.common:DisplayHandle</name>
         <uninitialized>true</uninitialized>
         <run_address>0x20001174</run_address>
         <size>0x4</size>
      </object_component>
      <object_component id="oc-20c">
         <name>.common:CPULoadHandle</name>
         <uninitialized>true</uninitialized>
         <run_address>0x20001170</run_address>
         <size>0x4</size>
      </object_component>
      <object_component id="oc-13e">
         <name>.common:ullTasksOutTime</name>
         <uninitialized>true</uninitialized>
         <run_address>0x200010a4</run_address>
         <size>0x2c</size>
      </object_component>
      <object_component id="oc-134">
         <name>.common:ullTasksInTime</name>
         <uninitialized>true</uninitialized>
         <run_address>0x20001078</run_address>
         <size>0x2c</size>
      </object_component>
      <object_component id="oc-13f">
         <name>.common:ullTasksTotalTime</name>
         <uninitialized>true</uninitialized>
         <run_address>0x200010d0</run_address>
         <size>0x2c</size>
      </object_component>
      <object_component id="oc-24">
         <name>.stack</name>
         <uninitialized>true</uninitialized>
         <run_address>0x20001640</run_address>
         <size>0x4</size>
         <input_file_ref idref="fl-e0"/>
      </object_component>
      <object_component id="oc-3b2">
         <name>.stack</name>
         <uninitialized>true</uninitialized>
         <run_address>0x20001640</run_address>
         <size>0x0</size>
      </object_component>
      <object_component id="oc-c5">
         <name>.debug_info</name>
         <load_address>0x0</load_address>
         <run_address>0x0</run_address>
         <size>0xdd9</size>
         <input_file_ref idref="fl-2"/>
      </object_component>
      <object_component id="oc-104">
         <name>.debug_info</name>
         <load_address>0xdd9</load_address>
         <run_address>0xdd9</run_address>
         <size>0x3b9</size>
         <input_file_ref idref="fl-2"/>
      </object_component>
      <object_component id="oc-d6">
         <name>.debug_info</name>
         <load_address>0x1192</load_address>
         <run_address>0x1192</run_address>
         <size>0x2dd</size>
         <input_file_ref idref="fl-2"/>
      </object_component>
      <object_component id="oc-155">
         <name>.debug_info</name>
         <load_address>0x146f</load_address>
         <run_address>0x146f</run_address>
         <size>0x30c</size>
         <input_file_ref idref="fl-2"/>
      </object_component>
      <object_component id="oc-dd">
         <name>.debug_info</name>
         <load_address>0x177b</load_address>
         <run_address>0x177b</run_address>
         <size>0x26b</size>
         <input_file_ref idref="fl-2"/>
      </object_component>
      <object_component id="oc-1c2">
         <name>.debug_info</name>
         <load_address>0x19e6</load_address>
         <run_address>0x19e6</run_address>
         <size>0x89</size>
         <input_file_ref idref="fl-2"/>
      </object_component>
      <object_component id="oc-15f">
         <name>.debug_info</name>
         <load_address>0x1a6f</load_address>
         <run_address>0x1a6f</run_address>
         <size>0x3f8</size>
         <input_file_ref idref="fl-2"/>
      </object_component>
      <object_component id="oc-1c7">
         <name>.debug_info</name>
         <load_address>0x1e67</load_address>
         <run_address>0x1e67</run_address>
         <size>0x42</size>
         <input_file_ref idref="fl-2"/>
      </object_component>
      <object_component id="oc-1cc">
         <name>.debug_info</name>
         <load_address>0x1ea9</load_address>
         <run_address>0x1ea9</run_address>
         <size>0x4f</size>
         <input_file_ref idref="fl-2"/>
      </object_component>
      <object_component id="oc-1d6">
         <name>.debug_info</name>
         <load_address>0x1ef8</load_address>
         <run_address>0x1ef8</run_address>
         <size>0x2c</size>
         <input_file_ref idref="fl-2"/>
      </object_component>
      <object_component id="oc-47">
         <name>.debug_info</name>
         <load_address>0x1f24</load_address>
         <run_address>0x1f24</run_address>
         <size>0x84</size>
         <input_file_ref idref="fl-2"/>
      </object_component>
      <object_component id="oc-91">
         <name>.debug_info</name>
         <load_address>0x1fa8</load_address>
         <run_address>0x1fa8</run_address>
         <size>0x2c</size>
         <input_file_ref idref="fl-2"/>
      </object_component>
      <object_component id="oc-1d1">
         <name>.debug_info</name>
         <load_address>0x1fd4</load_address>
         <run_address>0x1fd4</run_address>
         <size>0x4f</size>
         <input_file_ref idref="fl-2"/>
      </object_component>
      <object_component id="oc-164">
         <name>.debug_info</name>
         <load_address>0x2023</load_address>
         <run_address>0x2023</run_address>
         <size>0x2a4</size>
         <input_file_ref idref="fl-2"/>
      </object_component>
      <object_component id="oc-9b">
         <name>.debug_info</name>
         <load_address>0x22c7</load_address>
         <run_address>0x22c7</run_address>
         <size>0xbb</size>
         <input_file_ref idref="fl-2"/>
      </object_component>
      <object_component id="oc-147">
         <name>.debug_info</name>
         <load_address>0x2382</load_address>
         <run_address>0x2382</run_address>
         <size>0xae</size>
         <input_file_ref idref="fl-2"/>
      </object_component>
      <object_component id="oc-150">
         <name>.debug_info</name>
         <load_address>0x2430</load_address>
         <run_address>0x2430</run_address>
         <size>0x53</size>
         <input_file_ref idref="fl-2"/>
      </object_component>
      <object_component id="oc-96">
         <name>.debug_info</name>
         <load_address>0x2483</load_address>
         <run_address>0x2483</run_address>
         <size>0x53</size>
         <input_file_ref idref="fl-2"/>
      </object_component>
      <object_component id="oc-15a">
         <name>.debug_info</name>
         <load_address>0x24d6</load_address>
         <run_address>0x24d6</run_address>
         <size>0x14c</size>
         <input_file_ref idref="fl-2"/>
      </object_component>
      <object_component id="oc-40">
         <name>.debug_info</name>
         <load_address>0x2622</load_address>
         <run_address>0x2622</run_address>
         <size>0x373</size>
         <input_file_ref idref="fl-3"/>
      </object_component>
      <object_component id="oc-13">
         <name>.debug_info</name>
         <load_address>0x2995</load_address>
         <run_address>0x2995</run_address>
         <size>0x100</size>
         <input_file_ref idref="fl-3"/>
      </object_component>
      <object_component id="oc-2b">
         <name>.debug_info</name>
         <load_address>0x2a95</load_address>
         <run_address>0x2a95</run_address>
         <size>0x27c</size>
         <input_file_ref idref="fl-3"/>
      </object_component>
      <object_component id="oc-1b3">
         <name>.debug_info</name>
         <load_address>0x2d11</load_address>
         <run_address>0x2d11</run_address>
         <size>0x69b</size>
         <input_file_ref idref="fl-4"/>
      </object_component>
      <object_component id="oc-b9">
         <name>.debug_info</name>
         <load_address>0x33ac</load_address>
         <run_address>0x33ac</run_address>
         <size>0x13a9</size>
         <input_file_ref idref="fl-4"/>
      </object_component>
      <object_component id="oc-1bb">
         <name>.debug_info</name>
         <load_address>0x4755</load_address>
         <run_address>0x4755</run_address>
         <size>0x110</size>
         <input_file_ref idref="fl-4"/>
      </object_component>
      <object_component id="oc-279">
         <name>.debug_info</name>
         <load_address>0x4865</load_address>
         <run_address>0x4865</run_address>
         <size>0x3f8</size>
         <input_file_ref idref="fl-4"/>
      </object_component>
      <object_component id="oc-2d7">
         <name>.debug_info</name>
         <load_address>0x4c5d</load_address>
         <run_address>0x4c5d</run_address>
         <size>0x62</size>
         <input_file_ref idref="fl-4"/>
      </object_component>
      <object_component id="oc-1ae">
         <name>.debug_info</name>
         <load_address>0x4cbf</load_address>
         <run_address>0x4cbf</run_address>
         <size>0x39</size>
         <input_file_ref idref="fl-4"/>
      </object_component>
      <object_component id="oc-287">
         <name>.debug_info</name>
         <load_address>0x4cf8</load_address>
         <run_address>0x4cf8</run_address>
         <size>0x399</size>
         <input_file_ref idref="fl-5"/>
      </object_component>
      <object_component id="oc-127">
         <name>.debug_info</name>
         <load_address>0x5091</load_address>
         <run_address>0x5091</run_address>
         <size>0x509</size>
         <input_file_ref idref="fl-5"/>
      </object_component>
      <object_component id="oc-1ba">
         <name>.debug_info</name>
         <load_address>0x559a</load_address>
         <run_address>0x559a</run_address>
         <size>0x8ff</size>
         <input_file_ref idref="fl-6"/>
      </object_component>
      <object_component id="oc-c1">
         <name>.debug_info</name>
         <load_address>0x5e99</load_address>
         <run_address>0x5e99</run_address>
         <size>0x3205</size>
         <input_file_ref idref="fl-6"/>
      </object_component>
      <object_component id="oc-2de">
         <name>.debug_info</name>
         <load_address>0x909e</load_address>
         <run_address>0x909e</run_address>
         <size>0x1c7</size>
         <input_file_ref idref="fl-6"/>
      </object_component>
      <object_component id="oc-1b5">
         <name>.debug_info</name>
         <load_address>0x9265</load_address>
         <run_address>0x9265</run_address>
         <size>0x46</size>
         <input_file_ref idref="fl-6"/>
      </object_component>
      <object_component id="oc-26f">
         <name>.debug_info</name>
         <load_address>0x92ab</load_address>
         <run_address>0x92ab</run_address>
         <size>0x35</size>
         <input_file_ref idref="fl-6"/>
      </object_component>
      <object_component id="oc-117">
         <name>.debug_info</name>
         <load_address>0x92e0</load_address>
         <run_address>0x92e0</run_address>
         <size>0x86c</size>
         <input_file_ref idref="fl-7"/>
      </object_component>
      <object_component id="oc-80">
         <name>.debug_info</name>
         <load_address>0x9b4c</load_address>
         <run_address>0x9b4c</run_address>
         <size>0x315</size>
         <input_file_ref idref="fl-7"/>
      </object_component>
      <object_component id="oc-132">
         <name>.debug_info</name>
         <load_address>0x9e61</load_address>
         <run_address>0x9e61</run_address>
         <size>0x107</size>
         <input_file_ref idref="fl-7"/>
      </object_component>
      <object_component id="oc-141">
         <name>.debug_info</name>
         <load_address>0x9f68</load_address>
         <run_address>0x9f68</run_address>
         <size>0x107</size>
         <input_file_ref idref="fl-7"/>
      </object_component>
      <object_component id="oc-144">
         <name>.debug_info</name>
         <load_address>0xa06f</load_address>
         <run_address>0xa06f</run_address>
         <size>0x107</size>
         <input_file_ref idref="fl-7"/>
      </object_component>
      <object_component id="oc-13c">
         <name>.debug_info</name>
         <load_address>0xa176</load_address>
         <run_address>0xa176</run_address>
         <size>0x14a</size>
         <input_file_ref idref="fl-7"/>
      </object_component>
      <object_component id="oc-139">
         <name>.debug_info</name>
         <load_address>0xa2c0</load_address>
         <run_address>0xa2c0</run_address>
         <size>0x107</size>
         <input_file_ref idref="fl-7"/>
      </object_component>
      <object_component id="oc-136">
         <name>.debug_info</name>
         <load_address>0xa3c7</load_address>
         <run_address>0xa3c7</run_address>
         <size>0x108</size>
         <input_file_ref idref="fl-7"/>
      </object_component>
      <object_component id="oc-87">
         <name>.debug_info</name>
         <load_address>0xa4cf</load_address>
         <run_address>0xa4cf</run_address>
         <size>0x43d7</size>
         <input_file_ref idref="fl-7"/>
      </object_component>
      <object_component id="oc-118">
         <name>.debug_info</name>
         <load_address>0xe8a6</load_address>
         <run_address>0xe8a6</run_address>
         <size>0x303</size>
         <input_file_ref idref="fl-7"/>
      </object_component>
      <object_component id="oc-274">
         <name>.debug_info</name>
         <load_address>0xeba9</load_address>
         <run_address>0xeba9</run_address>
         <size>0x130</size>
         <input_file_ref idref="fl-7"/>
      </object_component>
      <object_component id="oc-1a7">
         <name>.debug_info</name>
         <load_address>0xecd9</load_address>
         <run_address>0xecd9</run_address>
         <size>0x84a</size>
         <input_file_ref idref="fl-8"/>
      </object_component>
      <object_component id="oc-19c">
         <name>.debug_info</name>
         <load_address>0xf523</load_address>
         <run_address>0xf523</run_address>
         <size>0x107</size>
         <input_file_ref idref="fl-8"/>
      </object_component>
      <object_component id="oc-19f">
         <name>.debug_info</name>
         <load_address>0xf62a</load_address>
         <run_address>0xf62a</run_address>
         <size>0x107</size>
         <input_file_ref idref="fl-8"/>
      </object_component>
      <object_component id="oc-199">
         <name>.debug_info</name>
         <load_address>0xf731</load_address>
         <run_address>0xf731</run_address>
         <size>0x13f</size>
         <input_file_ref idref="fl-8"/>
      </object_component>
      <object_component id="oc-196">
         <name>.debug_info</name>
         <load_address>0xf870</load_address>
         <run_address>0xf870</run_address>
         <size>0x12b</size>
         <input_file_ref idref="fl-8"/>
      </object_component>
      <object_component id="oc-b3">
         <name>.debug_info</name>
         <load_address>0xf99b</load_address>
         <run_address>0xf99b</run_address>
         <size>0x23c2</size>
         <input_file_ref idref="fl-8"/>
      </object_component>
      <object_component id="oc-1a8">
         <name>.debug_info</name>
         <load_address>0x11d5d</load_address>
         <run_address>0x11d5d</run_address>
         <size>0x1ce</size>
         <input_file_ref idref="fl-8"/>
      </object_component>
      <object_component id="oc-1a2">
         <name>.debug_info</name>
         <load_address>0x11f2b</load_address>
         <run_address>0x11f2b</run_address>
         <size>0x46</size>
         <input_file_ref idref="fl-8"/>
      </object_component>
      <object_component id="oc-90">
         <name>.debug_info</name>
         <load_address>0x11f71</load_address>
         <run_address>0x11f71</run_address>
         <size>0x480</size>
         <input_file_ref idref="fl-9"/>
      </object_component>
      <object_component id="oc-83">
         <name>.debug_info</name>
         <load_address>0x123f1</load_address>
         <run_address>0x123f1</run_address>
         <size>0x17c</size>
         <input_file_ref idref="fl-9"/>
      </object_component>
      <object_component id="oc-8d">
         <name>.debug_info</name>
         <load_address>0x1256d</load_address>
         <run_address>0x1256d</run_address>
         <size>0x187</size>
         <input_file_ref idref="fl-9"/>
      </object_component>
      <object_component id="oc-33">
         <name>.debug_info</name>
         <load_address>0x126f4</load_address>
         <run_address>0x126f4</run_address>
         <size>0x913</size>
         <input_file_ref idref="fl-9"/>
      </object_component>
      <object_component id="oc-2f">
         <name>.debug_info</name>
         <load_address>0x13007</load_address>
         <run_address>0x13007</run_address>
         <size>0x269</size>
         <input_file_ref idref="fl-a"/>
      </object_component>
      <object_component id="oc-285">
         <name>.debug_info</name>
         <load_address>0x13270</load_address>
         <run_address>0x13270</run_address>
         <size>0x432</size>
         <input_file_ref idref="fl-b"/>
      </object_component>
      <object_component id="oc-282">
         <name>.debug_info</name>
         <load_address>0x136a2</load_address>
         <run_address>0x136a2</run_address>
         <size>0x102</size>
         <input_file_ref idref="fl-b"/>
      </object_component>
      <object_component id="oc-27f">
         <name>.debug_info</name>
         <load_address>0x137a4</load_address>
         <run_address>0x137a4</run_address>
         <size>0x110</size>
         <input_file_ref idref="fl-b"/>
      </object_component>
      <object_component id="oc-122">
         <name>.debug_info</name>
         <load_address>0x138b4</load_address>
         <run_address>0x138b4</run_address>
         <size>0x420</size>
         <input_file_ref idref="fl-b"/>
      </object_component>
      <object_component id="oc-331">
         <name>.debug_info</name>
         <load_address>0x13cd4</load_address>
         <run_address>0x13cd4</run_address>
         <size>0x2b6</size>
         <input_file_ref idref="fl-c"/>
      </object_component>
      <object_component id="oc-170">
         <name>.debug_info</name>
         <load_address>0x13f8a</load_address>
         <run_address>0x13f8a</run_address>
         <size>0xff</size>
         <input_file_ref idref="fl-c"/>
      </object_component>
      <object_component id="oc-a1">
         <name>.debug_info</name>
         <load_address>0x14089</load_address>
         <run_address>0x14089</run_address>
         <size>0x1ce</size>
         <input_file_ref idref="fl-c"/>
      </object_component>
      <object_component id="oc-2a0">
         <name>.debug_info</name>
         <load_address>0x14257</load_address>
         <run_address>0x14257</run_address>
         <size>0x21a</size>
         <input_file_ref idref="fl-c"/>
      </object_component>
      <object_component id="oc-328">
         <name>.debug_info</name>
         <load_address>0x14471</load_address>
         <run_address>0x14471</run_address>
         <size>0xa7</size>
         <input_file_ref idref="fl-c"/>
      </object_component>
      <object_component id="oc-2ac">
         <name>.debug_info</name>
         <load_address>0x14518</load_address>
         <run_address>0x14518</run_address>
         <size>0x114</size>
         <input_file_ref idref="fl-c"/>
      </object_component>
      <object_component id="oc-17a">
         <name>.debug_info</name>
         <load_address>0x1462c</load_address>
         <run_address>0x1462c</run_address>
         <size>0xf4</size>
         <input_file_ref idref="fl-d"/>
      </object_component>
      <object_component id="oc-a8">
         <name>.debug_info</name>
         <load_address>0x14720</load_address>
         <run_address>0x14720</run_address>
         <size>0x2a4</size>
         <input_file_ref idref="fl-d"/>
      </object_component>
      <object_component id="oc-18f">
         <name>.debug_info</name>
         <load_address>0x149c4</load_address>
         <run_address>0x149c4</run_address>
         <size>0xfd</size>
         <input_file_ref idref="fl-e"/>
      </object_component>
      <object_component id="oc-ae">
         <name>.debug_info</name>
         <load_address>0x14ac1</load_address>
         <run_address>0x14ac1</run_address>
         <size>0x1f7</size>
         <input_file_ref idref="fl-e"/>
      </object_component>
      <object_component id="oc-2b4">
         <name>.debug_info</name>
         <load_address>0x14cb8</load_address>
         <run_address>0x14cb8</run_address>
         <size>0xaf</size>
         <input_file_ref idref="fl-e"/>
      </object_component>
      <object_component id="oc-180">
         <name>.debug_info</name>
         <load_address>0x14d67</load_address>
         <run_address>0x14d67</run_address>
         <size>0x1cc</size>
         <input_file_ref idref="fl-f"/>
      </object_component>
      <object_component id="oc-298">
         <name>.debug_info</name>
         <load_address>0x14f33</load_address>
         <run_address>0x14f33</run_address>
         <size>0x21d</size>
         <input_file_ref idref="fl-10"/>
      </object_component>
      <object_component id="oc-2ab">
         <name>.debug_info</name>
         <load_address>0x15150</load_address>
         <run_address>0x15150</run_address>
         <size>0x2e4</size>
         <input_file_ref idref="fl-11"/>
      </object_component>
      <object_component id="oc-2a8">
         <name>.debug_info</name>
         <load_address>0x15434</load_address>
         <run_address>0x15434</run_address>
         <size>0x12c</size>
         <input_file_ref idref="fl-11"/>
      </object_component>
      <object_component id="oc-174">
         <name>.debug_info</name>
         <load_address>0x15560</load_address>
         <run_address>0x15560</run_address>
         <size>0x51e</size>
         <input_file_ref idref="fl-11"/>
      </object_component>
      <object_component id="oc-2ca">
         <name>.debug_info</name>
         <load_address>0x15a7e</load_address>
         <run_address>0x15a7e</run_address>
         <size>0xf1</size>
         <input_file_ref idref="fl-12"/>
      </object_component>
      <object_component id="oc-192">
         <name>.debug_info</name>
         <load_address>0x15b6f</load_address>
         <run_address>0x15b6f</run_address>
         <size>0x111</size>
         <input_file_ref idref="fl-12"/>
      </object_component>
      <object_component id="oc-29f">
         <name>.debug_info</name>
         <load_address>0x15c80</load_address>
         <run_address>0x15c80</run_address>
         <size>0x2db</size>
         <input_file_ref idref="fl-15"/>
      </object_component>
      <object_component id="oc-29c">
         <name>.debug_info</name>
         <load_address>0x15f5b</load_address>
         <run_address>0x15f5b</run_address>
         <size>0x12b</size>
         <input_file_ref idref="fl-15"/>
      </object_component>
      <object_component id="oc-16a">
         <name>.debug_info</name>
         <load_address>0x16086</load_address>
         <run_address>0x16086</run_address>
         <size>0x563</size>
         <input_file_ref idref="fl-15"/>
      </object_component>
      <object_component id="oc-12d">
         <name>.debug_info</name>
         <load_address>0x165e9</load_address>
         <run_address>0x165e9</run_address>
         <size>0x1a7</size>
         <input_file_ref idref="fl-17"/>
      </object_component>
      <object_component id="oc-34b">
         <name>.debug_info</name>
         <load_address>0x16790</load_address>
         <run_address>0x16790</run_address>
         <size>0x281</size>
         <input_file_ref idref="fl-18"/>
      </object_component>
      <object_component id="oc-2e9">
         <name>.debug_info</name>
         <load_address>0x16a11</load_address>
         <run_address>0x16a11</run_address>
         <size>0x481</size>
         <input_file_ref idref="fl-18"/>
      </object_component>
      <object_component id="oc-c7">
         <name>.debug_info</name>
         <load_address>0x16e92</load_address>
         <run_address>0x16e92</run_address>
         <size>0xa0a</size>
         <input_file_ref idref="fl-19"/>
      </object_component>
      <object_component id="oc-220">
         <name>.debug_info</name>
         <load_address>0x1789c</load_address>
         <run_address>0x1789c</run_address>
         <size>0x137</size>
         <input_file_ref idref="fl-19"/>
      </object_component>
      <object_component id="oc-224">
         <name>.debug_info</name>
         <load_address>0x179d3</load_address>
         <run_address>0x179d3</run_address>
         <size>0x13d</size>
         <input_file_ref idref="fl-19"/>
      </object_component>
      <object_component id="oc-218">
         <name>.debug_info</name>
         <load_address>0x17b10</load_address>
         <run_address>0x17b10</run_address>
         <size>0x13d</size>
         <input_file_ref idref="fl-19"/>
      </object_component>
      <object_component id="oc-21c">
         <name>.debug_info</name>
         <load_address>0x17c4d</load_address>
         <run_address>0x17c4d</run_address>
         <size>0x143</size>
         <input_file_ref idref="fl-19"/>
      </object_component>
      <object_component id="oc-210">
         <name>.debug_info</name>
         <load_address>0x17d90</load_address>
         <run_address>0x17d90</run_address>
         <size>0x135</size>
         <input_file_ref idref="fl-19"/>
      </object_component>
      <object_component id="oc-214">
         <name>.debug_info</name>
         <load_address>0x17ec5</load_address>
         <run_address>0x17ec5</run_address>
         <size>0x13b</size>
         <input_file_ref idref="fl-19"/>
      </object_component>
      <object_component id="oc-3a">
         <name>.debug_info</name>
         <load_address>0x18000</load_address>
         <run_address>0x18000</run_address>
         <size>0x8ba</size>
         <input_file_ref idref="fl-19"/>
      </object_component>
      <object_component id="oc-c9">
         <name>.debug_info</name>
         <load_address>0x188ba</load_address>
         <run_address>0x188ba</run_address>
         <size>0x7f1</size>
         <input_file_ref idref="fl-1a"/>
      </object_component>
      <object_component id="oc-34d">
         <name>.debug_info</name>
         <load_address>0x190ab</load_address>
         <run_address>0x190ab</run_address>
         <size>0x119</size>
         <input_file_ref idref="fl-1a"/>
      </object_component>
      <object_component id="oc-2ee">
         <name>.debug_info</name>
         <load_address>0x191c4</load_address>
         <run_address>0x191c4</run_address>
         <size>0x121</size>
         <input_file_ref idref="fl-1a"/>
      </object_component>
      <object_component id="oc-228">
         <name>.debug_info</name>
         <load_address>0x192e5</load_address>
         <run_address>0x192e5</run_address>
         <size>0x145</size>
         <input_file_ref idref="fl-1a"/>
      </object_component>
      <object_component id="oc-22c">
         <name>.debug_info</name>
         <load_address>0x1942a</load_address>
         <run_address>0x1942a</run_address>
         <size>0x14b</size>
         <input_file_ref idref="fl-1a"/>
      </object_component>
      <object_component id="oc-201">
         <name>.debug_info</name>
         <load_address>0x19575</load_address>
         <run_address>0x19575</run_address>
         <size>0x2f4</size>
         <input_file_ref idref="fl-1a"/>
      </object_component>
      <object_component id="oc-cb">
         <name>.debug_info</name>
         <load_address>0x19869</load_address>
         <run_address>0x19869</run_address>
         <size>0x806</size>
         <input_file_ref idref="fl-1b"/>
      </object_component>
      <object_component id="oc-1fb">
         <name>.debug_info</name>
         <load_address>0x1a06f</load_address>
         <run_address>0x1a06f</run_address>
         <size>0x5e1</size>
         <input_file_ref idref="fl-1b"/>
      </object_component>
      <object_component id="oc-cd">
         <name>.debug_info</name>
         <load_address>0x1a650</load_address>
         <run_address>0x1a650</run_address>
         <size>0x7d2</size>
         <input_file_ref idref="fl-1c"/>
      </object_component>
      <object_component id="oc-207">
         <name>.debug_info</name>
         <load_address>0x1ae22</load_address>
         <run_address>0x1ae22</run_address>
         <size>0x370</size>
         <input_file_ref idref="fl-1c"/>
      </object_component>
      <object_component id="oc-cf">
         <name>.debug_info</name>
         <load_address>0x1b192</load_address>
         <run_address>0x1b192</run_address>
         <size>0x850</size>
         <input_file_ref idref="fl-1d"/>
      </object_component>
      <object_component id="oc-1e6">
         <name>.debug_info</name>
         <load_address>0x1b9e2</load_address>
         <run_address>0x1b9e2</run_address>
         <size>0x101</size>
         <input_file_ref idref="fl-1d"/>
      </object_component>
      <object_component id="oc-d3">
         <name>.debug_info</name>
         <load_address>0x1bae3</load_address>
         <run_address>0x1bae3</run_address>
         <size>0x109</size>
         <input_file_ref idref="fl-1d"/>
      </object_component>
      <object_component id="oc-4f">
         <name>.debug_info</name>
         <load_address>0x1bbec</load_address>
         <run_address>0x1bbec</run_address>
         <size>0x119</size>
         <input_file_ref idref="fl-d7"/>
      </object_component>
      <object_component id="oc-f8">
         <name>.debug_info</name>
         <load_address>0x1bd05</load_address>
         <run_address>0x1bd05</run_address>
         <size>0x147</size>
         <input_file_ref idref="fl-d8"/>
      </object_component>
      <object_component id="oc-18a">
         <name>.debug_info</name>
         <load_address>0x1be4c</load_address>
         <run_address>0x1be4c</run_address>
         <size>0x140</size>
         <input_file_ref idref="fl-d9"/>
      </object_component>
      <object_component id="oc-346">
         <name>.debug_info</name>
         <load_address>0x1bf8c</load_address>
         <run_address>0x1bf8c</run_address>
         <size>0x13f</size>
         <input_file_ref idref="fl-da"/>
      </object_component>
      <object_component id="oc-370">
         <name>.debug_info</name>
         <load_address>0x1c0cb</load_address>
         <run_address>0x1c0cb</run_address>
         <size>0x134</size>
         <input_file_ref idref="fl-db"/>
      </object_component>
      <object_component id="oc-f6">
         <name>.debug_info</name>
         <load_address>0x1c1ff</load_address>
         <run_address>0x1c1ff</run_address>
         <size>0x2d4</size>
         <input_file_ref idref="fl-dc"/>
      </object_component>
      <object_component id="oc-60">
         <name>.debug_info</name>
         <load_address>0x1c4d3</load_address>
         <run_address>0x1c4d3</run_address>
         <size>0x1b5</size>
         <input_file_ref idref="fl-dc"/>
      </object_component>
      <object_component id="oc-f1">
         <name>.debug_info</name>
         <load_address>0x1c688</load_address>
         <run_address>0x1c688</run_address>
         <size>0x46</size>
         <input_file_ref idref="fl-dc"/>
      </object_component>
      <object_component id="oc-1f1">
         <name>.debug_info</name>
         <load_address>0x1c6ce</load_address>
         <run_address>0x1c6ce</run_address>
         <size>0x2c</size>
         <input_file_ref idref="fl-dc"/>
      </object_component>
      <object_component id="oc-57">
         <name>.debug_info</name>
         <load_address>0x1c6fa</load_address>
         <run_address>0x1c6fa</run_address>
         <size>0x2a8</size>
         <input_file_ref idref="fl-dd"/>
      </object_component>
      <object_component id="oc-1d">
         <name>.debug_info</name>
         <load_address>0x1c9a2</load_address>
         <run_address>0x1c9a2</run_address>
         <size>0x1ea</size>
         <input_file_ref idref="fl-dd"/>
      </object_component>
      <object_component id="oc-52">
         <name>.debug_info</name>
         <load_address>0x1cb8c</load_address>
         <run_address>0x1cb8c</run_address>
         <size>0x46</size>
         <input_file_ref idref="fl-dd"/>
      </object_component>
      <object_component id="oc-e9">
         <name>.debug_info</name>
         <load_address>0x1cbd2</load_address>
         <run_address>0x1cbd2</run_address>
         <size>0x2c</size>
         <input_file_ref idref="fl-dd"/>
      </object_component>
      <object_component id="oc-e7">
         <name>.debug_info</name>
         <load_address>0x1cbfe</load_address>
         <run_address>0x1cbfe</run_address>
         <size>0x29e</size>
         <input_file_ref idref="fl-de"/>
      </object_component>
      <object_component id="oc-16">
         <name>.debug_info</name>
         <load_address>0x1ce9c</load_address>
         <run_address>0x1ce9c</run_address>
         <size>0x250</size>
         <input_file_ref idref="fl-de"/>
      </object_component>
      <object_component id="oc-42">
         <name>.debug_info</name>
         <load_address>0x1d0ec</load_address>
         <run_address>0x1d0ec</run_address>
         <size>0x60</size>
         <input_file_ref idref="fl-de"/>
      </object_component>
      <object_component id="oc-1ea">
         <name>.debug_info</name>
         <load_address>0x1d14c</load_address>
         <run_address>0x1d14c</run_address>
         <size>0x46</size>
         <input_file_ref idref="fl-de"/>
      </object_component>
      <object_component id="oc-e2">
         <name>.debug_info</name>
         <load_address>0x1d192</load_address>
         <run_address>0x1d192</run_address>
         <size>0x39</size>
         <input_file_ref idref="fl-de"/>
      </object_component>
      <object_component id="oc-2bd">
         <name>.debug_info</name>
         <load_address>0x1d1cb</load_address>
         <run_address>0x1d1cb</run_address>
         <size>0xfb</size>
         <input_file_ref idref="fl-df"/>
      </object_component>
      <object_component id="oc-184">
         <name>.debug_info</name>
         <load_address>0x1d2c6</load_address>
         <run_address>0x1d2c6</run_address>
         <size>0x13d</size>
         <input_file_ref idref="fl-df"/>
      </object_component>
      <object_component id="oc-25">
         <name>.debug_info</name>
         <load_address>0x1d403</load_address>
         <run_address>0x1d403</run_address>
         <size>0x10b</size>
         <input_file_ref idref="fl-e0"/>
      </object_component>
      <object_component id="oc-6e">
         <name>.debug_info</name>
         <load_address>0x1d50e</load_address>
         <run_address>0x1d50e</run_address>
         <size>0x1a9</size>
         <input_file_ref idref="fl-e0"/>
      </object_component>
      <object_component id="oc-2c3">
         <name>.debug_info</name>
         <load_address>0x1d6b7</load_address>
         <run_address>0x1d6b7</run_address>
         <size>0x115</size>
         <input_file_ref idref="fl-e1"/>
      </object_component>
      <object_component id="oc-30a">
         <name>.debug_info</name>
         <load_address>0x1d7cc</load_address>
         <run_address>0x1d7cc</run_address>
         <size>0x4b3</size>
         <input_file_ref idref="fl-e2"/>
      </object_component>
      <object_component id="oc-23f">
         <name>.debug_info</name>
         <load_address>0x1dc7f</load_address>
         <run_address>0x1dc7f</run_address>
         <size>0x1a6</size>
         <input_file_ref idref="fl-e2"/>
      </object_component>
      <object_component id="oc-357">
         <name>.debug_info</name>
         <load_address>0x1de25</load_address>
         <run_address>0x1de25</run_address>
         <size>0x39</size>
         <input_file_ref idref="fl-e2"/>
      </object_component>
      <object_component id="oc-377">
         <name>.debug_info</name>
         <load_address>0x1de5e</load_address>
         <run_address>0x1de5e</run_address>
         <size>0x39</size>
         <input_file_ref idref="fl-e2"/>
      </object_component>
      <object_component id="oc-35c">
         <name>.debug_info</name>
         <load_address>0x1de97</load_address>
         <run_address>0x1de97</run_address>
         <size>0x39</size>
         <input_file_ref idref="fl-e2"/>
      </object_component>
      <object_component id="oc-361">
         <name>.debug_info</name>
         <load_address>0x1ded0</load_address>
         <run_address>0x1ded0</run_address>
         <size>0xcd</size>
         <input_file_ref idref="fl-e2"/>
      </object_component>
      <object_component id="oc-fe">
         <name>.debug_info</name>
         <load_address>0x1df9d</load_address>
         <run_address>0x1df9d</run_address>
         <size>0x153</size>
         <input_file_ref idref="fl-e3"/>
      </object_component>
      <object_component id="oc-230">
         <name>.debug_info</name>
         <load_address>0x1e0f0</load_address>
         <run_address>0x1e0f0</run_address>
         <size>0x122</size>
         <input_file_ref idref="fl-e5"/>
      </object_component>
      <object_component id="oc-33e">
         <name>.debug_info</name>
         <load_address>0x1e212</load_address>
         <run_address>0x1e212</run_address>
         <size>0x2c9</size>
         <input_file_ref idref="fl-e6"/>
      </object_component>
      <object_component id="oc-2ba">
         <name>.debug_info</name>
         <load_address>0x1e4db</load_address>
         <run_address>0x1e4db</run_address>
         <size>0x11e</size>
         <input_file_ref idref="fl-e6"/>
      </object_component>
      <object_component id="oc-339">
         <name>.debug_info</name>
         <load_address>0x1e5f9</load_address>
         <run_address>0x1e5f9</run_address>
         <size>0x12e</size>
         <input_file_ref idref="fl-e6"/>
      </object_component>
      <object_component id="oc-3b3">
         <name>.debug_info</name>
         <load_address>0x1e727</load_address>
         <run_address>0x1e727</run_address>
         <size>0xb3</size>
      </object_component>
      <object_component id="oc-1c1">
         <name>.debug_line</name>
         <load_address>0x0</load_address>
         <run_address>0x0</run_address>
         <size>0x344</size>
         <input_file_ref idref="fl-2"/>
      </object_component>
      <object_component id="oc-107">
         <name>.debug_line</name>
         <load_address>0x344</load_address>
         <run_address>0x344</run_address>
         <size>0x5a</size>
         <input_file_ref idref="fl-2"/>
      </object_component>
      <object_component id="oc-d9">
         <name>.debug_line</name>
         <load_address>0x39e</load_address>
         <run_address>0x39e</run_address>
         <size>0x7e</size>
         <input_file_ref idref="fl-2"/>
      </object_component>
      <object_component id="oc-158">
         <name>.debug_line</name>
         <load_address>0x41c</load_address>
         <run_address>0x41c</run_address>
         <size>0x81</size>
         <input_file_ref idref="fl-2"/>
      </object_component>
      <object_component id="oc-e0">
         <name>.debug_line</name>
         <load_address>0x49d</load_address>
         <run_address>0x49d</run_address>
         <size>0x6f</size>
         <input_file_ref idref="fl-2"/>
      </object_component>
      <object_component id="oc-1c5">
         <name>.debug_line</name>
         <load_address>0x50c</load_address>
         <run_address>0x50c</run_address>
         <size>0x8a</size>
         <input_file_ref idref="fl-2"/>
      </object_component>
      <object_component id="oc-162">
         <name>.debug_line</name>
         <load_address>0x596</load_address>
         <run_address>0x596</run_address>
         <size>0x85</size>
         <input_file_ref idref="fl-2"/>
      </object_component>
      <object_component id="oc-1ca">
         <name>.debug_line</name>
         <load_address>0x61b</load_address>
         <run_address>0x61b</run_address>
         <size>0x89</size>
         <input_file_ref idref="fl-2"/>
      </object_component>
      <object_component id="oc-1cf">
         <name>.debug_line</name>
         <load_address>0x6a4</load_address>
         <run_address>0x6a4</run_address>
         <size>0x82</size>
         <input_file_ref idref="fl-2"/>
      </object_component>
      <object_component id="oc-1d9">
         <name>.debug_line</name>
         <load_address>0x726</load_address>
         <run_address>0x726</run_address>
         <size>0x83</size>
         <input_file_ref idref="fl-2"/>
      </object_component>
      <object_component id="oc-4a">
         <name>.debug_line</name>
         <load_address>0x7a9</load_address>
         <run_address>0x7a9</run_address>
         <size>0x20</size>
         <input_file_ref idref="fl-2"/>
      </object_component>
      <object_component id="oc-94">
         <name>.debug_line</name>
         <load_address>0x7c9</load_address>
         <run_address>0x7c9</run_address>
         <size>0x85</size>
         <input_file_ref idref="fl-2"/>
      </object_component>
      <object_component id="oc-1d4">
         <name>.debug_line</name>
         <load_address>0x84e</load_address>
         <run_address>0x84e</run_address>
         <size>0x83</size>
         <input_file_ref idref="fl-2"/>
      </object_component>
      <object_component id="oc-167">
         <name>.debug_line</name>
         <load_address>0x8d1</load_address>
         <run_address>0x8d1</run_address>
         <size>0x73</size>
         <input_file_ref idref="fl-2"/>
      </object_component>
      <object_component id="oc-9e">
         <name>.debug_line</name>
         <load_address>0x944</load_address>
         <run_address>0x944</run_address>
         <size>0x70</size>
         <input_file_ref idref="fl-2"/>
      </object_component>
      <object_component id="oc-14a">
         <name>.debug_line</name>
         <load_address>0x9b4</load_address>
         <run_address>0x9b4</run_address>
         <size>0x89</size>
         <input_file_ref idref="fl-2"/>
      </object_component>
      <object_component id="oc-153">
         <name>.debug_line</name>
         <load_address>0xa3d</load_address>
         <run_address>0xa3d</run_address>
         <size>0x6b</size>
         <input_file_ref idref="fl-2"/>
      </object_component>
      <object_component id="oc-99">
         <name>.debug_line</name>
         <load_address>0xaa8</load_address>
         <run_address>0xaa8</run_address>
         <size>0x94</size>
         <input_file_ref idref="fl-2"/>
      </object_component>
      <object_component id="oc-15d">
         <name>.debug_line</name>
         <load_address>0xb3c</load_address>
         <run_address>0xb3c</run_address>
         <size>0x81</size>
         <input_file_ref idref="fl-2"/>
      </object_component>
      <object_component id="oc-dc">
         <name>.debug_line</name>
         <load_address>0xbbd</load_address>
         <run_address>0xbbd</run_address>
         <size>0x41</size>
         <input_file_ref idref="fl-3"/>
      </object_component>
      <object_component id="oc-3f">
         <name>.debug_line</name>
         <load_address>0xbfe</load_address>
         <run_address>0xbfe</run_address>
         <size>0x41</size>
         <input_file_ref idref="fl-3"/>
      </object_component>
      <object_component id="oc-29">
         <name>.debug_line</name>
         <load_address>0xc3f</load_address>
         <run_address>0xc3f</run_address>
         <size>0xa1</size>
         <input_file_ref idref="fl-3"/>
      </object_component>
      <object_component id="oc-2d6">
         <name>.debug_line</name>
         <load_address>0xce0</load_address>
         <run_address>0xce0</run_address>
         <size>0x1bb</size>
         <input_file_ref idref="fl-4"/>
      </object_component>
      <object_component id="oc-bc">
         <name>.debug_line</name>
         <load_address>0xe9b</load_address>
         <run_address>0xe9b</run_address>
         <size>0x2f0</size>
         <input_file_ref idref="fl-4"/>
      </object_component>
      <object_component id="oc-1be">
         <name>.debug_line</name>
         <load_address>0x118b</load_address>
         <run_address>0x118b</run_address>
         <size>0x6b</size>
         <input_file_ref idref="fl-4"/>
      </object_component>
      <object_component id="oc-27c">
         <name>.debug_line</name>
         <load_address>0x11f6</load_address>
         <run_address>0x11f6</run_address>
         <size>0x85</size>
         <input_file_ref idref="fl-4"/>
      </object_component>
      <object_component id="oc-2da">
         <name>.debug_line</name>
         <load_address>0x127b</load_address>
         <run_address>0x127b</run_address>
         <size>0x45</size>
         <input_file_ref idref="fl-4"/>
      </object_component>
      <object_component id="oc-1b1">
         <name>.debug_line</name>
         <load_address>0x12c0</load_address>
         <run_address>0x12c0</run_address>
         <size>0x89</size>
         <input_file_ref idref="fl-4"/>
      </object_component>
      <object_component id="oc-326">
         <name>.debug_line</name>
         <load_address>0x1349</load_address>
         <run_address>0x1349</run_address>
         <size>0x20</size>
         <input_file_ref idref="fl-5"/>
      </object_component>
      <object_component id="oc-126">
         <name>.debug_line</name>
         <load_address>0x1369</load_address>
         <run_address>0x1369</run_address>
         <size>0xf0</size>
         <input_file_ref idref="fl-5"/>
      </object_component>
      <object_component id="oc-2dd">
         <name>.debug_line</name>
         <load_address>0x1459</load_address>
         <run_address>0x1459</run_address>
         <size>0x1bb</size>
         <input_file_ref idref="fl-6"/>
      </object_component>
      <object_component id="oc-c3">
         <name>.debug_line</name>
         <load_address>0x1614</load_address>
         <run_address>0x1614</run_address>
         <size>0x773</size>
         <input_file_ref idref="fl-6"/>
      </object_component>
      <object_component id="oc-2e1">
         <name>.debug_line</name>
         <load_address>0x1d87</load_address>
         <run_address>0x1d87</run_address>
         <size>0x3e</size>
         <input_file_ref idref="fl-6"/>
      </object_component>
      <object_component id="oc-1b8">
         <name>.debug_line</name>
         <load_address>0x1dc5</load_address>
         <run_address>0x1dc5</run_address>
         <size>0x82</size>
         <input_file_ref idref="fl-6"/>
      </object_component>
      <object_component id="oc-272">
         <name>.debug_line</name>
         <load_address>0x1e47</load_address>
         <run_address>0x1e47</run_address>
         <size>0x74</size>
         <input_file_ref idref="fl-6"/>
      </object_component>
      <object_component id="oc-26e">
         <name>.debug_line</name>
         <load_address>0x1ebb</load_address>
         <run_address>0x1ebb</run_address>
         <size>0x2ae</size>
         <input_file_ref idref="fl-7"/>
      </object_component>
      <object_component id="oc-116">
         <name>.debug_line</name>
         <load_address>0x2169</load_address>
         <run_address>0x2169</run_address>
         <size>0x3e</size>
[...]
         <name>uxTaskResetEventItemValue</name>
         <value>0x163f</value>
         <object_component_ref idref="oc-85"/>
      </symbol>
      <symbol id="sm-4db">
         <name>xTaskGetSchedulerState</name>
         <value>0x1281</value>
         <object_component_ref idref="oc-85"/>
      </symbol>
      <symbol id="sm-4dc">
         <name>xTaskGetCurrentTaskHandle</name>
         <value>0x1271</value>
         <object_component_ref idref="oc-85"/>
      </symbol>
      <symbol id="sm-4dd">
         <name>vTaskPlaceOnUnorderedEventList</name>
         <value>0xd05</value>
         <object_component_ref idref="oc-85"/>
      </symbol>
      <symbol id="sm-4de">
         <name>xTaskRemoveFromEventList</name>
         <value>0xe25</value>
         <object_component_ref idref="oc-85"/>
      </symbol>
      <symbol id="sm-4df">
         <name>xTaskPriorityInherit</name>
         <value>0x12b1</value>
         <object_component_ref idref="oc-85"/>
      </symbol>
      <symbol id="sm-5a6">
         <name>xTimerGetTimerDaemonTaskHandle</name>
         <value>0x39dd</value>
         <object_component_ref idref="oc-b2"/>
      </symbol>
      <symbol id="sm-5a7">
         <name>pcTimerGetName</name>
         <value>0x3ae5</value>
         <object_component_ref idref="oc-b2"/>
      </symbol>
      <symbol id="sm-5a8">
         <name>xTimerCreateTimerTask</name>
         <value>0x3881</value>
         <object_component_ref idref="oc-b2"/>
      </symbol>
      <symbol id="sm-5a9">
         <name>xTimerGetExpiryTime</name>
         <value>0x3ab7</value>
         <object_component_ref idref="oc-b2"/>
      </symbol>
      <symbol id="sm-5aa">
         <name>xTimerIsTimerActive</name>
         <value>0x3f0d</value>
         <object_component_ref idref="oc-b2"/>
      </symbol>
      <symbol id="sm-5ab">
         <name>xTimerGetPeriod</name>
         <value>0x39ff</value>
         <object_component_ref idref="oc-b2"/>
      </symbol>
      <symbol id="sm-5ac">
         <name>xTimerGetReloadMode</name>
         <value>0x3a6f</value>
         <object_component_ref idref="oc-b2"/>
      </symbol>
      <symbol id="sm-5ad">
         <name>xTimerCreate</name>
         <value>0x38bf</value>
         <object_component_ref idref="oc-b2"/>
      </symbol>
      <symbol id="sm-5ae">
         <name>vTimerSetReloadMode</name>
         <value>0x3a25</value>
         <object_component_ref idref="oc-b2"/>
      </symbol>
      <symbol id="sm-5af">
         <name>xTimerGenericCommand</name>
         <value>0x395d</value>
         <object_component_ref idref="oc-b2"/>
      </symbol>
      <symbol id="sm-5b0">
         <name>uxTimerGetReloadMode</name>
         <value>0x3aab</value>
         <object_component_ref idref="oc-b2"/>
      </symbol>
      <symbol id="sm-5b1">
         <name>pvTimerGetTimerID</name>
         <value>0x3f49</value>
         <object_component_ref idref="oc-b2"/>
      </symbol>
      <symbol id="sm-5b2">
         <name>xTimerPendFunctionCallFromISR</name>
         <value>0x3fa5</value>
         <object_component_ref idref="oc-b2"/>
      </symbol>
      <symbol id="sm-5b3">
         <name>xTimerPendFunctionCall</name>
         <value>0x3fdb</value>
         <object_component_ref idref="oc-b2"/>
      </symbol>
      <symbol id="sm-5b4">
         <name>vTimerSetTimerID</name>
         <value>0x3f77</value>
         <object_component_ref idref="oc-b2"/>
      </symbol>
      <symbol id="sm-605">
         <name>ulMaxSyscallInterruptPriority</name>
         <value>0x60fc</value>
         <object_component_ref idref="oc-82"/>
      </symbol>
      <symbol id="sm-606">
         <name>vPortSetupTimerInterrupt</name>
         <value>0x5215</value>
         <object_component_ref idref="oc-32"/>
      </symbol>
      <symbol id="sm-607">
         <name>vPortEndScheduler</name>
         <value>0x515d</value>
         <object_component_ref idref="oc-32"/>
      </symbol>
      <symbol id="sm-608">
         <name>xPortSysTickHandler</name>
         <value>0x51ef</value>
         <object_component_ref idref="oc-32"/>
      </symbol>
      <symbol id="sm-609">
         <name>vPortValidateInterruptPriority</name>
         <value>0x522f</value>
         <object_component_ref idref="oc-32"/>
      </symbol>
      <symbol id="sm-60a">
         <name>pxPortInitialiseStack</name>
         <value>0x5019</value>
         <object_component_ref idref="oc-32"/>
      </symbol>
      <symbol id="sm-60b">
         <name>vPortExitCritical</name>
         <value>0x51c3</value>
         <object_component_ref idref="oc-32"/>
      </symbol>
      <symbol id="sm-60c">
         <name>xPortStartScheduler</name>
         <value>0x50a5</value>
         <object_component_ref idref="oc-32"/>
      </symbol>
      <symbol id="sm-60d">
         <name>vPortEnterCritical</name>
         <value>0x5181</value>
         <object_component_ref idref="oc-32"/>
      </symbol>
      <symbol id="sm-61c">
         <name>vPortStartFirstTask</name>
         <value>0x59d9</value>
         <object_component_ref idref="oc-2d"/>
      </symbol>
      <symbol id="sm-61d">
         <name>ulPortGetIPSR</name>
         <value>0x5941</value>
         <object_component_ref idref="oc-2d"/>
      </symbol>
      <symbol id="sm-61e">
         <name>vPortEnableVFP</name>
         <value>0x59fd</value>
         <object_component_ref idref="oc-2d"/>
      </symbol>
      <symbol id="sm-61f">
         <name>xPortPendSVHandler</name>
         <value>0x5959</value>
         <object_component_ref idref="oc-2d"/>
      </symbol>
      <symbol id="sm-620">
         <name>vPortSVCHandler</name>
         <value>0x59b9</value>
         <object_component_ref idref="oc-2d"/>
      </symbol>
      <symbol id="sm-64a">
         <name>vPortInitialiseBlocks</name>
         <value>0x5abd</value>
         <object_component_ref idref="oc-11f"/>
      </symbol>
      <symbol id="sm-64b">
         <name>xPortGetFreeHeapSize</name>
         <value>0x5ac5</value>
         <object_component_ref idref="oc-11f"/>
      </symbol>
      <symbol id="sm-64c">
         <name>pvPortMalloc</name>
         <value>0x5a0d</value>
         <object_component_ref idref="oc-11f"/>
      </symbol>
      <symbol id="sm-64d">
         <name>vPortFree</name>
         <value>0x5a99</value>
         <object_component_ref idref="oc-11f"/>
      </symbol>
      <symbol id="sm-681">
         <name>Button_Init</name>
         <value>0x5855</value>
         <object_component_ref idref="oc-a0"/>
      </symbol>
      <symbol id="sm-682">
         <name>g_Button_Config</name>
         <value>0x200011a4</value>
         <object_component_ref idref="oc-16f"/>
      </symbol>
      <symbol id="sm-696">
         <name>Led_Init</name>
         <value>0x5f7d</value>
         <object_component_ref idref="oc-a6"/>
      </symbol>
      <symbol id="sm-697">
         <name>Led_SetOn</name>
         <value>0x5f87</value>
         <object_component_ref idref="oc-a6"/>
      </symbol>
      <symbol id="sm-698">
         <name>Led_SetOff</name>
         <value>0x5fa5</value>
         <object_component_ref idref="oc-a6"/>
      </symbol>
      <symbol id="sm-699">
         <name>g_LED_Config</name>
         <value>0x200012e4</value>
         <object_component_ref idref="oc-179"/>
      </symbol>
      <symbol id="sm-6b2">
         <name>g_POT_Config</name>
         <value>0x20001424</value>
         <object_component_ref idref="oc-18e"/>
      </symbol>
      <symbol id="sm-6b3">
         <name>POT_Init</name>
         <value>0x6075</value>
         <object_component_ref idref="oc-ac"/>
      </symbol>
      <symbol id="sm-6b4">
         <name>POT_Read</name>
         <value>0x6089</value>
         <object_component_ref idref="oc-ac"/>
      </symbol>
      <symbol id="sm-6c9">
         <name>ADC0_EnableCLock</name>
         <value>0x5c11</value>
         <object_component_ref idref="oc-17d"/>
      </symbol>
      <symbol id="sm-6ca">
         <name>ADC0_ReadChannel</name>
         <value>0x5c1d</value>
         <object_component_ref idref="oc-17d"/>
      </symbol>
      <symbol id="sm-6d5">
         <name>Det_ReportError</name>
         <value>0x60a1</value>
         <object_component_ref idref="oc-295"/>
      </symbol>
      <symbol id="sm-71d">
         <name>Dio_WriteChannel</name>
         <value>0x4d31</value>
         <object_component_ref idref="oc-173"/>
      </symbol>
      <symbol id="sm-71e">
         <name>Dio_FlipChannel</name>
         <value>0x4eeb</value>
         <object_component_ref idref="oc-173"/>
      </symbol>
      <symbol id="sm-71f">
         <name>Dio_Init</name>
         <value>0x4d0d</value>
         <object_component_ref idref="oc-173"/>
      </symbol>
      <symbol id="sm-720">
         <name>Dio_ReadChannel</name>
         <value>0x4e11</value>
         <object_component_ref idref="oc-173"/>
      </symbol>
      <symbol id="sm-72b">
         <name>Dio_Configuration</name>
         <value>0x60e4</value>
         <object_component_ref idref="oc-191"/>
      </symbol>
      <symbol id="sm-7aa">
         <name>Port_Init</name>
         <value>0x2f6d</value>
         <object_component_ref idref="oc-169"/>
      </symbol>
      <symbol id="sm-7ab">
         <name>Port_SetPinDirection</name>
         <value>0x33d5</value>
         <object_component_ref idref="oc-169"/>
      </symbol>
      <symbol id="sm-7ac">
         <name>Port_SetPinMode</name>
         <value>0x3603</value>
         <object_component_ref idref="oc-169"/>
      </symbol>
      <symbol id="sm-7ad">
         <name>Port_RefreshPortDirection</name>
         <value>0x34e3</value>
         <object_component_ref idref="oc-169"/>
      </symbol>
      <symbol id="sm-7c0">
         <name>GPTM_WTimer0Init</name>
         <value>0x5f29</value>
         <object_component_ref idref="oc-12b"/>
      </symbol>
      <symbol id="sm-7c1">
         <name>GPTM_WTimer0Read</name>
         <value>0x5f59</value>
         <object_component_ref idref="oc-12b"/>
      </symbol>
      <symbol id="sm-7ef">
         <name>UART0_SendInteger</name>
         <value>0x5649</value>
         <object_component_ref idref="oc-2e5"/>
      </symbol>
      <symbol id="sm-7f0">
         <name>UART0_ReceiveByte</name>
         <value>0x5613</value>
         <object_component_ref idref="oc-2e5"/>
      </symbol>
      <symbol id="sm-7f1">
         <name>UART0_SendByte</name>
         <value>0x55f7</value>
         <object_component_ref idref="oc-2e5"/>
      </symbol>
      <symbol id="sm-7f2">
         <name>UART0_Init</name>
         <value>0x55b7</value>
         <object_component_ref idref="oc-2e5"/>
      </symbol>
      <symbol id="sm-7f3">
         <name>UART0_SendString</name>
         <value>0x5623</value>
         <object_component_ref idref="oc-2e5"/>
      </symbol>
      <symbol id="sm-852">
         <name>SystemControl_UpdateHeatingLevel</name>
         <value>0x45cd</value>
         <object_component_ref idref="oc-38"/>
      </symbol>
      <symbol id="sm-853">
         <name>SystemControl_Handler</name>
         <value>0x454d</value>
         <object_component_ref idref="oc-38"/>
      </symbol>
      <symbol id="sm-854">
         <name>PassengerSeat_HeatingLevelTaskParameters</name>
         <value>0x2000160c</value>
         <object_component_ref idref="oc-223"/>
      </symbol>
      <symbol id="sm-855">
         <name>PassengerSeat_TempreatureTaskParameters</name>
         <value>0x200015d4</value>
         <object_component_ref idref="oc-213"/>
      </symbol>
      <symbol id="sm-856">
         <name>DriverSeat_HeatingLevelTaskParameters</name>
         <value>0x200015fc</value>
         <object_component_ref idref="oc-21f"/>
      </symbol>
      <symbol id="sm-857">
         <name>SystemControl_UpdateHeaterIntensity</name>
         <value>0x467d</value>
         <object_component_ref idref="oc-38"/>
      </symbol>
      <symbol id="sm-858">
         <name>PassengerSeat_HeaterIntensityTaskParameters</name>
         <value>0x200015c8</value>
         <object_component_ref idref="oc-21b"/>
      </symbol>
      <symbol id="sm-859">
         <name>DriverSeat_HeaterIntensityTaskParameters</name>
         <value>0x200015b0</value>
         <object_component_ref idref="oc-217"/>
      </symbol>
      <symbol id="sm-85a">
         <name>SystemControl_UpdateTemperature</name>
         <value>0x4871</value>
         <object_component_ref idref="oc-38"/>
      </symbol>
      <symbol id="sm-85b">
         <name>DriverSeat_TempreatureTaskParameters</name>
         <value>0x200015bc</value>
         <object_component_ref idref="oc-20f"/>
      </symbol>
      <symbol id="sm-85c">
         <name>SystemControl_Init</name>
         <value>0x453d</value>
         <object_component_ref idref="oc-38"/>
      </symbol>
      <symbol id="sm-889">
         <name>DriverSeat_SaveFailureInfoTaskParameters</name>
         <value>0x20001604</value>
         <object_component_ref idref="oc-227"/>
      </symbol>
      <symbol id="sm-88a">
         <name>system_diagnostics</name>
         <value>0x20001594</value>
         <object_component_ref idref="oc-34c"/>
      </symbol>
      <symbol id="sm-88b">
         <name>system_diagnostics_ptr</name>
         <value>0x20001634</value>
         <object_component_ref idref="oc-2ed"/>
      </symbol>
      <symbol id="sm-88c">
         <name>SystemDiagnostics_Init</name>
         <value>0x5c91</value>
         <object_component_ref idref="oc-200"/>
      </symbol>
      <symbol id="sm-88d">
         <name>PassengerSeat_SaveFailureInfoTaskParameters</name>
         <value>0x20001614</value>
         <object_component_ref idref="oc-22b"/>
      </symbol>
      <symbol id="sm-88e">
         <name>SystemDiagnostics_SaveFailureInfo</name>
         <value>0x5c93</value>
         <object_component_ref idref="oc-200"/>
      </symbol>
      <symbol id="sm-8d5">
         <name>SystemDisplay_DisplaySystemState</name>
         <value>0x493d</value>
         <object_component_ref idref="oc-1fa"/>
      </symbol>
      <symbol id="sm-8d6">
         <name>SystemDisplay_Init</name>
         <value>0x4935</value>
         <object_component_ref idref="oc-1fa"/>
      </symbol>
      <symbol id="sm-8ea">
         <name>SystemMeasurements_Init</name>
         <value>0x5df5</value>
         <object_component_ref idref="oc-206"/>
      </symbol>
      <symbol id="sm-8eb">
         <name>SystemMeasurements_CPULoad</name>
         <value>0x5dfd</value>
         <object_component_ref idref="oc-206"/>
      </symbol>
      <symbol id="sm-8fd">
         <name>system_state_ptr</name>
         <value>0x20001638</value>
         <object_component_ref idref="oc-d2"/>
      </symbol>
      <symbol id="sm-8fe">
         <name>system_state</name>
         <value>0x20001624</value>
         <object_component_ref idref="oc-1e5"/>
      </symbol>
      <symbol id="sm-919">
         <name>memcpy</name>
         <value>0x5add</value>
         <object_component_ref idref="oc-4c"/>
      </symbol>
      <symbol id="sm-91a">
         <name>__aeabi_memcpy</name>
         <value>0x5add</value>
         <object_component_ref idref="oc-4c"/>
      </symbol>
      <symbol id="sm-91b">
         <name>__aeabi_memcpy8</name>
         <value>0x5add</value>
         <object_component_ref idref="oc-4c"/>
      </symbol>
      <symbol id="sm-91c">
         <name>__aeabi_memcpy4</name>
         <value>0x5add</value>
         <object_component_ref idref="oc-4c"/>
      </symbol>
      <symbol id="sm-92b">
         <name>__aeabi_memset</name>
         <value>0x5d0f</value>
         <object_component_ref idref="oc-f7"/>
      </symbol>
      <symbol id="sm-92c">
         <name>memset</name>
         <value>0x5d15</value>
         <object_component_ref idref="oc-f7"/>
      </symbol>
      <symbol id="sm-92d">
         <name>__aeabi_memset8</name>
         <value>0x5d0f</value>
         <object_component_ref idref="oc-f7"/>
      </symbol>
      <symbol id="sm-92e">
         <name>__aeabi_memset4</name>
         <value>0x5d0f</value>
         <object_component_ref idref="oc-f7"/>
      </symbol>
      <symbol id="sm-92f">
         <name>__aeabi_memclr8</name>
         <value>0x5d0d</value>
         <object_component_ref idref="oc-f7"/>
      </symbol>
      <symbol id="sm-930">
         <name>__aeabi_memclr4</name>
         <value>0x5d0d</value>
         <object_component_ref idref="oc-f7"/>
      </symbol>
      <symbol id="sm-931">
         <name>__aeabi_memclr</name>
         <value>0x5d0d</value>
         <object_component_ref idref="oc-f7"/>
      </symbol>
      <symbol id="sm-940">
         <name>__aeabi_idivmod</name>
         <value>0x5ec9</value>
         <object_component_ref idref="oc-189"/>
      </symbol>
      <symbol id="sm-941">
         <name>__aeabi_idiv</name>
         <value>0x5ec9</value>
         <object_component_ref idref="oc-189"/>
      </symbol>
      <symbol id="sm-94f">
         <name>__aeabi_ldivmod</name>
         <value>0x5d87</value>
         <object_component_ref idref="oc-345"/>
      </symbol>
      <symbol id="sm-95c">
         <name>__aeabi_uldivmod</name>
         <value>0x5b79</value>
         <object_component_ref idref="oc-36d"/>
      </symbol>
      <symbol id="sm-973">
         <name>__TI_zero_init</name>
         <value>0x60c5</value>
         <object_component_ref idref="oc-5e"/>
      </symbol>
      <symbol id="sm-98a">
         <name>__TI_decompress_none</name>
         <value>0x60b7</value>
         <object_component_ref idref="oc-1b"/>
      </symbol>
      <symbol id="sm-9ad">
         <name>__TI_decompress_lzss</name>
         <value>0x5e61</value>
         <object_component_ref idref="oc-15"/>
      </symbol>
      <symbol id="sm-9c3">
         <name>rand</name>
         <value>0x6041</value>
         <object_component_ref idref="oc-183"/>
      </symbol>
      <symbol id="sm-9d6">
         <name>__stack</name>
         <value>0x20001640</value>
         <object_component_ref idref="oc-24"/>
      </symbol>
      <symbol id="sm-9d7">
         <name>_c_int00_noargs</name>
         <value>0x600d</value>
         <object_component_ref idref="oc-6a"/>
      </symbol>
      <symbol id="sm-9e1">
         <name>__aeabi_idiv0</name>
         <value>0x453b</value>
         <object_component_ref idref="oc-2c0"/>
      </symbol>
      <symbol id="sm-9e2">
         <name>__aeabi_ldiv0</name>
         <value>0x453b</value>
         <object_component_ref idref="oc-2c0"/>
      </symbol>
      <symbol id="sm-a0a">
         <name>__TI_auto_init_nobinit_nopinit</name>
         <value>0x5fc9</value>
         <object_component_ref idref="oc-23b"/>
      </symbol>
      <symbol id="sm-a14">
         <name>_system_pre_init</name>
         <value>0x60dd</value>
         <object_component_ref idref="oc-fd"/>
      </symbol>
      <symbol id="sm-a20">
         <name>C$$EXIT</name>
         <value>0x60e1</value>
         <object_component_ref idref="oc-22f"/>
      </symbol>
      <symbol id="sm-a21">
         <name>abort</name>
         <value>0x60e1</value>
         <object_component_ref idref="oc-22f"/>
      </symbol>
      <symbol id="sm-a36">
         <name>_nop</name>
         <value>0x2f6b</value>
         <object_component_ref idref="oc-336"/>
      </symbol>
      <symbol id="sm-a37">
         <name>_lock</name>
         <value>0x200015ec</value>
         <object_component_ref idref="oc-2b9"/>
      </symbol>
      <symbol id="sm-a38">
         <name>_unlock</name>
         <value>0x200015f0</value>
         <object_component_ref idref="oc-2b9"/>
      </symbol>
      <symbol id="sm-a3a">
         <name>__TI_static_base__</name>
         <value>0x0</value>
      </symbol>
      <symbol id="sm-a3d">
         <name>__mpu_init</name>
         <value>0x0</value>
      </symbol>
      <symbol id="sm-a3e">
         <name>_system_post_cinit</name>
         <value>0x0</value>
      </symbol>
   </symbol_table>
   <title>Link successful</title>
</link_info>
